<html>
<body>
<pre>
<h1>µVision Build Log</h1>
<h2>Tool Versions:</h2>
IDE-Version: µVision V5.39.0.0
Copyright (C) 2023 ARM Ltd and ARM Germany GmbH. All rights reserved.
License Information: Mina George, Faculty of Engineering, Ain Shams University, LIC=----
 
Tool Versions:
Toolchain:       MDK-Lite  Version: 5.39.0.0
Toolchain Path:  C:\Keil_v5\ARM\ARMCLANG\Bin
C Compiler:      ArmClang.exe V6.21
Assembler:       Armasm.exe V6.21
Linker/Locator:  ArmLink.exe V6.21
Library Manager: ArmAr.exe V6.21
Hex Converter:   FromElf.exe V6.21
CPU DLL:         SARMCM3.DLL V5.39.0.0
Dialog DLL:      DCM.DLL V1.17.5.0
Target DLL:      lmidk-agdi.dll V???
Dialog DLL:      TCM.DLL V1.56.4.0
 
<h2>Project:</h2>
D:\Mina\Senior1-sem2\RTOS\Labs\Mina - Project\vip-s4.uvprojx
Project File Date:  05/04/2024

<h2>Output:</h2>
*** Using Compiler 'V6.21', folder: 'C:\Keil_v5\ARM\ARMCLANG\Bin'
Build target 'Target 1'
motor.c(1): warning: In file included from...
./motor.h(3): warning: In file included from...
./dio.h(6): warning: In file included from...
./bitwise_operation.h(33): warning: no newline at end of file [-Wnewline-eof]
   33 | //#define READ_BIT(byte,nbit)    ((byte>>nbit)&1)
      |                                                  ^
motor.c(1): warning: In file included from...
./motor.h(3): warning: In file included from...
./dio.h(16): warning: no newline at end of file [-Wnewline-eof]
   16 | #endif
      |       ^
motor.c(1): warning: In file included from...
./motor.h(5): warning: a function declaration without a prototype is deprecated in all versions of C [-Wstrict-prototypes]
    5 | void motorDOWN();
      |               ^
      |                void
./motor.h(6): warning: a function declaration without a prototype is deprecated in all versions of C [-Wstrict-prototypes]
    6 | void motorOFF();
      |              ^
      |               void
./motor.h(7): warning: a function declaration without a prototype is deprecated in all versions of C [-Wstrict-prototypes]
    7 | void motorUP();
      |             ^
      |              void
./motor.h(9): warning: a function declaration without a prototype is deprecated in all versions of C [-Wstrict-prototypes]
    9 | void motorInit();
      |               ^
      |                void
./motor.h(11): warning: no newline at end of file [-Wnewline-eof]
   11 | #endif
      |       ^
motor.c(4): warning: a function declaration without a prototype is deprecated in all versions of C [-Wstrict-prototypes]
    4 | void motorInit()
      |               ^
      |                void
motor.c(4): warning: no previous prototype for function 'motorInit' [-Wmissing-prototypes]
    4 | void motorInit()
      |      ^
./motor.h(9): note: this declaration is not a prototype; add 'void' to make it a prototype for a zero-parameter function
    9 | void motorInit();
      |      ^         
      |                void
motor.c(12): warning: a function declaration without a prototype is deprecated in all versions of C [-Wstrict-prototypes]
   12 | void motorUP(){
      |             ^
      |              void
motor.c(12): warning: no previous prototype for function 'motorUP' [-Wmissing-prototypes]
   12 | void motorUP(){
      |      ^
./motor.h(7): note: this declaration is not a prototype; add 'void' to make it a prototype for a zero-parameter function
    7 | void motorUP();
      |      ^       
      |              void
motor.c(17): warning: a function declaration without a prototype is deprecated in all versions of C [-Wstrict-prototypes]
   17 | void motorDOWN(){
      |               ^
      |                void
motor.c(17): warning: no previous prototype for function 'motorDOWN' [-Wmissing-prototypes]
   17 | void motorDOWN(){
      |      ^
./motor.h(5): note: this declaration is not a prototype; add 'void' to make it a prototype for a zero-parameter function
    5 | void motorDOWN();
      |      ^         
      |                void
motor.c(23): warning: a function declaration without a prototype is deprecated in all versions of C [-Wstrict-prototypes]
   23 | void motorOFF(){
      |              ^
      |               void
motor.c(27): warning: no newline at end of file [-Wnewline-eof]
   27 | }
      |  ^
motor.c(23): warning: no previous prototype for function 'motorOFF' [-Wmissing-prototypes]
   23 | void motorOFF(){
      |      ^
./motor.h(6): note: this declaration is not a prototype; add 'void' to make it a prototype for a zero-parameter function
    6 | void motorOFF();
      |      ^        
      |               void
16 warnings generated.
compiling motor.c...
main.c(12): warning: In file included from...
./motor.h(3): warning: In file included from...
./dio.h(6): warning: In file included from...
./bitwise_operation.h(33): warning: no newline at end of file [-Wnewline-eof]
   33 | //#define READ_BIT(byte,nbit)    ((byte>>nbit)&1)
      |                                                  ^
main.c(12): warning: In file included from...
./motor.h(3): warning: In file included from...
./dio.h(16): warning: no newline at end of file [-Wnewline-eof]
   16 | #endif
      |       ^
main.c(12): warning: In file included from...
./motor.h(5): warning: a function declaration without a prototype is deprecated in all versions of C [-Wstrict-prototypes]
    5 | void motorDOWN();
      |               ^
      |                void
./motor.h(6): warning: a function declaration without a prototype is deprecated in all versions of C [-Wstrict-prototypes]
    6 | void motorOFF();
      |              ^
      |               void
./motor.h(7): warning: a function declaration without a prototype is deprecated in all versions of C [-Wstrict-prototypes]
    7 | void motorUP();
      |             ^
      |              void
./motor.h(9): warning: a function declaration without a prototype is deprecated in all versions of C [-Wstrict-prototypes]
    9 | void motorInit();
      |               ^
      |                void
./motor.h(11): warning: no newline at end of file [-Wnewline-eof]
   11 | #endif
      |       ^
main.c(33): warning: a function declaration without a prototype is deprecated in all versions of C [-Wstrict-prototypes]
   33 | void vToggle_Blue()
      |                  ^
      |                   void
main.c(33): warning: no previous prototype for function 'vToggle_Blue' [-Wmissing-prototypes]
   33 | void vToggle_Blue()
      |      ^
main.c(33): note: declare 'static' if the function is not intended to be used outside of this translation unit
   33 | void vToggle_Blue()
      | ^
      | static 
main.c(37): warning: a function declaration without a prototype is deprecated in all versions of C [-Wstrict-prototypes]
   37 | void vToggle_Red()
      |                 ^
      |                  void
main.c(37): warning: no previous prototype for function 'vToggle_Red' [-Wmissing-prototypes]
   37 | void vToggle_Red()
      |      ^
main.c(37): note: declare 'static' if the function is not intended to be used outside of this translation unit
   37 | void vToggle_Red()
      | ^
      | static 
main.c(41): warning: a function declaration without a prototype is deprecated in all versions of C [-Wstrict-prototypes]
   41 | void vTurn_OFF()
      |               ^
      |                void
main.c(43): warning: implicit conversion changes signedness: 'int' to 'uint32_t' (aka 'unsigned int') [-Wsign-conversion]
   43 |     GPIO_PORTF_DATA_R  &= ~((1<<1)|(1<<2)|(1<<3));      
      |                        ~~ ^~~~~~~~~~~~~~~~~~~~~~~
main.c(41): warning: no previous prototype for function 'vTurn_OFF' [-Wmissing-prototypes]
   41 | void vTurn_OFF()
      |      ^
main.c(41): note: declare 'static' if the function is not intended to be used outside of this translation unit
   41 | void vTurn_OFF()
      | ^
      | static 
main.c(69): warning: a function declaration without a prototype is deprecated in all versions of C [-Wstrict-prototypes]
   69 | void vPORTF_init() 
      |                 ^
      |                  void
main.c(78): warning: implicit conversion changes signedness: 'int' to 'uint32_t' (aka 'unsigned int') [-Wsign-conversion]
   78 |     GPIO_PORTF_DIR_R   &= ~((1<<0) |(1<<4));                
      |                        ~~ ^~~~~~~~~~~~~~~~~
main.c(82): warning: implicit conversion changes signedness: 'int' to 'uint32_t' (aka 'unsigned int') [-Wsign-conversion]
   82 |     GPIO_PORTF_DATA_R  &= ~((1<<1)|(1<<2)|(1<<3));      
      |                        ~~ ^~~~~~~~~~~~~~~~~~~~~~~
main.c(87): warning: implicit conversion changes signedness: 'int' to 'uint32_t' (aka 'unsigned int') [-Wsign-conversion]
   87 |                 GPIO_PORTF_IEV_R &= ~0x11;   // Sense on Low Level
      |                                  ~~ ^~~~~
main.c(72): warning: while loop has empty body [-Wempty-body]
   72 |   while(!(SYSCTL_PRGPIO_R& 0x20));
      |                                  ^
main.c(72): note: put the semicolon on a separate line to silence this warning
main.c(69): warning: no previous prototype for function 'vPORTF_init' [-Wmissing-prototypes]
   69 | void vPORTF_init() 
      |      ^
main.c(69): note: declare 'static' if the function is not intended to be used outside of this translation unit
   69 | void vPORTF_init() 
      | ^
      | static 
main.c(125): warning: unused parameter 'pvParameters' [-Wunused-parameter]
  125 | void InitTask(void *pvParameters) 
      |                     ^
main.c(139): warning: unused parameter 'pvParameters' [-Wunused-parameter]
  139 | void mainController( void *pvParameters )
      |                            ^
main.c(140): warning: function 'mainController' could be declared with attribute 'noreturn' [-Wmissing-noreturn]
  140 | {
      | ^
main.c(204): warning: empty expression statement has no effect; remove unnecessary ';' to silence this warning [-Wextra-semi-stmt]
  204 |                 taskYIELD();
      |                            ^
main.c(182): warning: mixing declarations and code is incompatible with standards before C99 [-Wdeclaration-after-statement]
  182 |         uint32_t windowsDirection;
      |                  ^
main.c(179): warning: unused parameter 'pvParameter' [-Wunused-parameter]
  179 | void driverControl (void *pvParameter) // This function for driver controlling passenger's window
      |                           ^
main.c(180): warning: function 'driverControl' could be declared with attribute 'noreturn' [-Wmissing-noreturn]
  180 | {
      | ^
main.c(233): warning: empty expression statement has no effect; remove unnecessary ';' to silence this warning [-Wextra-semi-stmt]
  233 |                 taskYIELD();
      |                            ^
main.c(215): warning: mixing declarations and code is incompatible with standards before C99 [-Wdeclaration-after-statement]
  215 |         uint32_t windowsDirection;
      |                  ^
main.c(211): warning: unused parameter 'pvParameter' [-Wunused-parameter]
  211 | void passengerControl (void *pvParameter) // This function for passengers controlling passenger's window
      |                              ^
main.c(212): warning: function 'passengerControl' could be declared with attribute 'noreturn' [-Wmissing-noreturn]
  212 | {
      | ^
main.c(256): warning: implicit conversion changes signedness: 'int' to 'uint32_t' (aka 'unsigned int') [-Wsign-conversion]
  256 |         GPIO_PORTB_PCTL_R &= ~GPIO_PORTB_PIN3_EN ;                              // Regular GPIO of PORTB
      |                           ~~ ^~~~~~~~~~~~~~~~~~~
main.c(257): warning: implicit conversion changes signedness: 'int' to 'uint32_t' (aka 'unsigned int') [-Wsign-conversion]
  257 |   GPIO_PORTB_AMSEL_R &= ~GPIO_PORTB_PIN3_EN;        // Disable analog function on pin 3 of PORTB
      |                      ~~ ^~~~~~~~~~~~~~~~~~~
main.c(258): warning: implicit conversion changes signedness: 'int' to 'uint32_t' (aka 'unsigned int') [-Wsign-conversion]
  258 |         GPIO_PORTB_AFSEL_R &= ~GPIO_PORTB_PIN3_EN;        // Regular port function
      |                            ~~ ^~~~~~~~~~~~~~~~~~~
main.c(259): warning: implicit conversion changes signedness: 'int' to 'uint32_t' (aka 'unsigned int') [-Wsign-conversion]
  259 |         GPIO_PORTB_PCTL_R &= ~GPIO_PORTB_PIN2_EN ;                              // Regular GPIO of PORTB
      |                           ~~ ^~~~~~~~~~~~~~~~~~~
main.c(260): warning: implicit conversion changes signedness: 'int' to 'uint32_t' (aka 'unsigned int') [-Wsign-conversion]
  260 |   GPIO_PORTB_AMSEL_R &= ~GPIO_PORTB_PIN2_EN;        // Disable analog function on pin 2 of PORTB
      |                      ~~ ^~~~~~~~~~~~~~~~~~~
main.c(261): warning: implicit conversion changes signedness: 'int' to 'uint32_t' (aka 'unsigned int') [-Wsign-conversion]
  261 |         GPIO_PORTB_AFSEL_R &= ~GPIO_PORTB_PIN2_EN;        // Regular port function
      |                            ~~ ^~~~~~~~~~~~~~~~~~~
main.c(262): warning: no newline at end of file [-Wnewline-eof]
  262 | }
      |  ^
main.c(49): warning: no previous extern declaration for non-static variable 'xQueue_MainController' [-Wmissing-variable-declarations]
   49 | xQueueHandle xQueue_MainController; //Queue for main controller
      |              ^
main.c(49): note: declare 'static' if the variable is not intended to be used outside of this translation unit
   49 | xQueueHandle xQueue_MainController; //Queue for main controller
      | ^
C:/Users/HP/AppData/Local/Arm/Packs/ARM/CMSIS-FreeRTOS/10.5.1/Source/include\FreeRTOS.h(1068): note: expanded from macro 'xQueueHandle'
 1068 |     #define xQueueHandle                  QueueHandle_t
      |                                           ^
main.c(50): warning: no previous extern declaration for non-static variable 'xBinarySemaphore_MainController' [-Wmissing-variable-declarations]
   50 | xSemaphoreHandle xBinarySemaphore_MainController; // semaphore for main controller
      |                  ^
main.c(50): note: declare 'static' if the variable is not intended to be used outside of this translation unit
   50 | xSemaphoreHandle xBinarySemaphore_MainController; // semaphore for main controller
      | ^
C:/Users/HP/AppData/Local/Arm/Packs/ARM/CMSIS-FreeRTOS/10.5.1/Source/include\FreeRTOS.h(1069): note: expanded from macro 'xSemaphoreHandle'
 1069 |     #define xSemaphoreHandle              SemaphoreHandle_t
      |                                           ^
main.c(51): warning: no previous extern declaration for non-static variable 'xBinarySemaphore_Driver' [-Wmissing-variable-declarations]
   51 | xSemaphoreHandle xBinarySemaphore_Driver; // semaphore for main controller
      |                  ^
main.c(51): note: declare 'static' if the variable is not intended to be used outside of this translation unit
   51 | xSemaphoreHandle xBinarySemaphore_Driver; // semaphore for main controller
      | ^
C:/Users/HP/AppData/Local/Arm/Packs/ARM/CMSIS-FreeRTOS/10.5.1/Source/include\FreeRTOS.h(1069): note: expanded from macro 'xSemaphoreHandle'
 1069 |     #define xSemaphoreHandle              SemaphoreHandle_t
      |                                           ^
main.c(52): warning: no previous extern declaration for non-static variable 'xBinarySemaphore_Passenger' [-Wmissing-variable-declarations]
   52 | xSemaphoreHandle xBinarySemaphore_Passenger; // semaphore for main controller
      |                  ^
main.c(52): note: declare 'static' if the variable is not intended to be used outside of this translation unit
   52 | xSemaphoreHandle xBinarySemaphore_Passenger; // semaphore for main controller
      | ^
C:/Users/HP/AppData/Local/Arm/Packs/ARM/CMSIS-FreeRTOS/10.5.1/Source/include\FreeRTOS.h(1069): note: expanded from macro 'xSemaphoreHandle'
 1069 |     #define xSemaphoreHandle              SemaphoreHandle_t
      |                                           ^
main.c(61): warning: no previous extern declaration for non-static variable 'driverControllerHandler' [-Wmissing-variable-declarations]
   61 | xTaskHandle driverControllerHandler;
      |             ^
main.c(61): note: declare 'static' if the variable is not intended to be used outside of this translation unit
   61 | xTaskHandle driverControllerHandler;
      | ^
C:/Users/HP/AppData/Local/Arm/Packs/ARM/CMSIS-FreeRTOS/10.5.1/Source/include\FreeRTOS.h(1067): note: expanded from macro 'xTaskHandle'
 1067 |     #define xTaskHandle                   TaskHandle_t
      |                                           ^
main.c(62): warning: no previous extern declaration for non-static variable 'mainControllerHandler' [-Wmissing-variable-declarations]
   62 | xTaskHandle mainControllerHandler;
      |             ^
main.c(62): note: declare 'static' if the variable is not intended to be used outside of this translation unit
   62 | xTaskHandle mainControllerHandler;
      | ^
C:/Users/HP/AppData/Local/Arm/Packs/ARM/CMSIS-FreeRTOS/10.5.1/Source/include\FreeRTOS.h(1067): note: expanded from macro 'xTaskHandle'
 1067 |     #define xTaskHandle                   TaskHandle_t
      |                                           ^
main.c(63): warning: no previous extern declaration for non-static variable 'passengerControllerHandler' [-Wmissing-variable-declarations]
   63 | xTaskHandle passengerControllerHandler;
      |             ^
main.c(63): note: declare 'static' if the variable is not intended to be used outside of this translation unit
   63 | xTaskHandle passengerControllerHandler;
      | ^
C:/Users/HP/AppData/Local/Arm/Packs/ARM/CMSIS-FreeRTOS/10.5.1/Source/include\FreeRTOS.h(1067): note: expanded from macro 'xTaskHandle'
 1067 |     #define xTaskHandle                   TaskHandle_t
      |                                           ^
45 warnings generated.
compiling main.c...
linking...
Program Size: Code=14260 RO-data=708 RW-data=8 ZI-data=5016  
".\Objects\vip-s4.axf" - 0 Error(s), 61 Warning(s).

<h2>Software Packages used:</h2>

Package Vendor: ARM
                https://www.keil.com/pack/ARM.CMSIS.6.0.0.pack
                ARM::CMSIS@6.0.0
                CMSIS (Common Microcontroller Software Interface Standard)
   * Component: CORE Version: 6.0.0

Package Vendor: ARM
                https://www.keil.com/pack/ARM.CMSIS-FreeRTOS.10.5.1.pack
                ARM::CMSIS-FreeRTOS@10.5.1
                Bundle of FreeRTOS for Cortex-M and Cortex-A
   * Component: Config Variant: FreeRTOS Version: 10.5.1
   * Component: Core Variant: Cortex-M Version: 10.5.1
   * Component: Heap Variant: Heap_1 Version: 10.5.1

Package Vendor: Keil
                http://www.keil.com/pack/Keil.TM4C_DFP.1.1.0.pack
                Keil::TM4C_DFP@1.1.0
                Texas Instruments Tiva C Series Device Support and Examples
   * Component: Startup Version: 1.0.1

<h2>Collection of Component include folders:</h2>
  ./RTE/RTOS
  ./RTE/_Target_1
  C:/Users/HP/AppData/Local/Arm/Packs/ARM/CMSIS-FreeRTOS/10.5.1/CMSIS/RTOS2/FreeRTOS/Include
  C:/Users/HP/AppData/Local/Arm/Packs/ARM/CMSIS-FreeRTOS/10.5.1/Source/include
  C:/Users/HP/AppData/Local/Arm/Packs/ARM/CMSIS-FreeRTOS/10.5.1/Source/portable/GCC/ARM_CM4F
  C:/Users/HP/AppData/Local/Arm/Packs/ARM/CMSIS/6.0.0/CMSIS/Core/Include
  C:/Users/HP/AppData/Local/Arm/Packs/Keil/TM4C_DFP/1.1.0/Device/Include/TM4C123

<h2>Collection of Component Files used:</h2>

   * Component: ARM::CMSIS:CORE@6.0.0

   * Component: ARM::RTOS&FreeRTOS:Config&FreeRTOS@10.5.1
      Include file:  Config/ARMCM/FreeRTOSConfig.h

   * Component: ARM::RTOS&FreeRTOS:Core&Cortex-M@10.5.1
      Source file:   Source/portable/GCC/ARM_CM4F/port.c
      Source file:   CMSIS/RTOS2/FreeRTOS/Source/freertos_evr.c
      Source file:   Source/list.c
      Include file:  Source/include/task.h
      Include file:  Source/include/FreeRTOS.h
      Source file:   Source/tasks.c
      Include file:  Source/include/queue.h
      Source file:   Source/queue.c
      Include file:  Source/include/semphr.h

   * Component: ARM::RTOS&FreeRTOS:Heap&Heap_1@10.5.1
      Source file:   Source/portable/MemMang/heap_1.c

   * Component: Keil::Device:Startup@1.0.1
      Source file:   Device/Source/system_TM4C123.c
      Source file:   Device/Source/ARM/startup_TM4C123.s
      Include file:  Device/Include/TM4C123/TM4C123.h
Build Time Elapsed:  00:00:02
</pre>
</body>
</html>
