<html>
<body>
<pre>
<h1>µVision Build Log</h1>
<h2>Tool Versions:</h2>
IDE-Version: µVision V5.39.0.0
Copyright (C) 2023 ARM Ltd and ARM Germany GmbH. All rights reserved.
License Information: Mina George, Faculty of Engineering, Ain Shams University, LIC=----
 
Tool Versions:
Toolchain:       MDK-Lite  Version: 5.39.0.0
Toolchain Path:  C:\Keil_v5\ARM\ARMCLANG\Bin
C Compiler:      ArmClang.exe V6.21
Assembler:       Armasm.exe V6.21
Linker/Locator:  ArmLink.exe V6.21
Library Manager: ArmAr.exe V6.21
Hex Converter:   FromElf.exe V6.21
CPU DLL:         SARMCM3.DLL V5.39.0.0
Dialog DLL:      DCM.DLL V1.17.5.0
Target DLL:      lmidk-agdi.dll V???
Dialog DLL:      TCM.DLL V1.56.4.0
 
<h2>Project:</h2>
D:\Mina\Senior1-sem2\RTOS\Labs\Mina - Project\vip-s4.uvprojx
Project File Date:  05/04/2024

<h2>Output:</h2>
*** Using Compiler 'V6.21', folder: 'C:\Keil_v5\ARM\ARMCLANG\Bin'
Build target 'Target 1'
motor.c(1): warning: In file included from...
./motor.h(3): warning: In file included from...
./dio.h(6): warning: In file included from...
./bitwise_operation.h(33): warning: no newline at end of file [-Wnewline-eof]
   33 | //#define READ_BIT(byte,nbit)    ((byte>>nbit)&1)
      |                                                  ^
motor.c(1): warning: In file included from...
./motor.h(3): warning: In file included from...
./dio.h(16): warning: no newline at end of file [-Wnewline-eof]
   16 | #endif
      |       ^
motor.c(1): warning: In file included from...
./motor.h(5): warning: a function declaration without a prototype is deprecated in all versions of C [-Wstrict-prototypes]
    5 | void motorDOWN();
      |               ^
      |                void
./motor.h(6): warning: a function declaration without a prototype is deprecated in all versions of C [-Wstrict-prototypes]
    6 | void motorOFF();
      |              ^
      |               void
./motor.h(7): warning: a function declaration without a prototype is deprecated in all versions of C [-Wstrict-prototypes]
    7 | void motorUP();
      |             ^
      |              void
./motor.h(9): warning: a function declaration without a prototype is deprecated in all versions of C [-Wstrict-prototypes]
    9 | void motorInit();
      |               ^
      |                void
./motor.h(11): warning: no newline at end of file [-Wnewline-eof]
   11 | #endif
      |       ^
motor.c(4): warning: a function declaration without a prototype is deprecated in all versions of C [-Wstrict-prototypes]
    4 | void motorInit()
      |               ^
      |                void
motor.c(4): warning: no previous prototype for function 'motorInit' [-Wmissing-prototypes]
    4 | void motorInit()
      |      ^
./motor.h(9): note: this declaration is not a prototype; add 'void' to make it a prototype for a zero-parameter function
    9 | void motorInit();
      |      ^         
      |                void
motor.c(12): warning: a function declaration without a prototype is deprecated in all versions of C [-Wstrict-prototypes]
   12 | void motorUP(){
      |             ^
      |              void
motor.c(12): warning: no previous prototype for function 'motorUP' [-Wmissing-prototypes]
   12 | void motorUP(){
      |      ^
./motor.h(7): note: this declaration is not a prototype; add 'void' to make it a prototype for a zero-parameter function
    7 | void motorUP();
      |      ^       
      |              void
motor.c(17): warning: a function declaration without a prototype is deprecated in all versions of C [-Wstrict-prototypes]
   17 | void motorDOWN(){
      |               ^
      |                void
motor.c(17): warning: no previous prototype for function 'motorDOWN' [-Wmissing-prototypes]
   17 | void motorDOWN(){
      |      ^
./motor.h(5): note: this declaration is not a prototype; add 'void' to make it a prototype for a zero-parameter function
    5 | void motorDOWN();
      |      ^         
      |                void
motor.c(23): warning: a function declaration without a prototype is deprecated in all versions of C [-Wstrict-prototypes]
   23 | void motorOFF(){
      |              ^
      |               void
motor.c(27): warning: no newline at end of file [-Wnewline-eof]
   27 | }
      |  ^
motor.c(23): warning: no previous prototype for function 'motorOFF' [-Wmissing-prototypes]
   23 | void motorOFF(){
      |      ^
./motor.h(6): note: this declaration is not a prototype; add 'void' to make it a prototype for a zero-parameter function
    6 | void motorOFF();
      |      ^        
      |               void
16 warnings generated.
compiling motor.c...
main.c(16): warning: In file included from...
./motor.h(3): warning: In file included from...
./dio.h(6): warning: In file included from...
./bitwise_operation.h(33): warning: no newline at end of file [-Wnewline-eof]
   33 | //#define READ_BIT(byte,nbit)    ((byte>>nbit)&1)
      |                                                  ^
main.c(16): warning: In file included from...
./motor.h(3): warning: In file included from...
./dio.h(16): warning: no newline at end of file [-Wnewline-eof]
   16 | #endif
      |       ^
main.c(16): warning: In file included from...
./motor.h(5): warning: a function declaration without a prototype is deprecated in all versions of C [-Wstrict-prototypes]
    5 | void motorDOWN();
      |               ^
      |                void
./motor.h(6): warning: a function declaration without a prototype is deprecated in all versions of C [-Wstrict-prototypes]
    6 | void motorOFF();
      |              ^
      |               void
./motor.h(7): warning: a function declaration without a prototype is deprecated in all versions of C [-Wstrict-prototypes]
    7 | void motorUP();
      |             ^
      |              void
./motor.h(9): warning: a function declaration without a prototype is deprecated in all versions of C [-Wstrict-prototypes]
    9 | void motorInit();
      |               ^
      |                void
./motor.h(11): warning: no newline at end of file [-Wnewline-eof]
   11 | #endif
      |       ^
main.c(60): warning: a function declaration without a prototype is deprecated in all versions of C [-Wstrict-prototypes]
   60 | void vToggle_Blue() {
      |                  ^
      |                   void
main.c(60): warning: no previous prototype for function 'vToggle_Blue' [-Wmissing-prototypes]
   60 | void vToggle_Blue() {
      |      ^
main.c(60): note: declare 'static' if the function is not intended to be used outside of this translation unit
   60 | void vToggle_Blue() {
      | ^
      | static 
main.c(63): warning: a function declaration without a prototype is deprecated in all versions of C [-Wstrict-prototypes]
   63 | void vToggle_Red() {
      |                 ^
      |                  void
main.c(63): warning: no previous prototype for function 'vToggle_Red' [-Wmissing-prototypes]
   63 | void vToggle_Red() {
      |      ^
main.c(63): note: declare 'static' if the function is not intended to be used outside of this translation unit
   63 | void vToggle_Red() {
      | ^
      | static 
main.c(66): warning: a function declaration without a prototype is deprecated in all versions of C [-Wstrict-prototypes]
   66 | void vTurn_OFF() {
      |               ^
      |                void
main.c(67): warning: implicit conversion changes signedness: 'int' to 'uint32_t' (aka 'unsigned int') [-Wsign-conversion]
   67 |   GPIO_PORTF_DATA_R &= ~((1 << 1) | (1 << 2) | (1 << 3));
      |                     ~~ ^~~~~~~~~~~~~~~~~~~~~~~~~~~~~~~~~
main.c(66): warning: no previous prototype for function 'vTurn_OFF' [-Wmissing-prototypes]
   66 | void vTurn_OFF() {
      |      ^
main.c(66): note: declare 'static' if the function is not intended to be used outside of this translation unit
   66 | void vTurn_OFF() {
      | ^
      | static 
main.c(111): warning: unused parameter 'pvParameters' [-Wunused-parameter]
  111 | void mainController(void * pvParameters) {
      |                            ^
main.c(111): warning: function 'mainController' could be declared with attribute 'noreturn' [-Wmissing-noreturn]
  111 | void mainController(void * pvParameters) {
      |                                          ^
main.c(213): warning: empty expression statement has no effect; remove unnecessary ';' to silence this warning [-Wextra-semi-stmt]
  213 |     taskYIELD();
      |                ^
main.c(150): warning: mixing declarations and code is incompatible with standards before C99 [-Wdeclaration-after-statement]
  150 |   uint32_t windowsDirection;
      |            ^
main.c(147): warning: unused parameter 'pvParameter' [-Wunused-parameter]
  147 | void driverControl(void * pvParameter) // This function for driver controlling passenger's window
      |                           ^
main.c(148): warning: function 'driverControl' could be declared with attribute 'noreturn' [-Wmissing-noreturn]
  148 | {
      | ^
main.c(290): warning: empty expression statement has no effect; remove unnecessary ';' to silence this warning [-Wextra-semi-stmt]
  290 |     taskYIELD();
      |                ^
main.c(223): warning: mixing declarations and code is incompatible with standards before C99 [-Wdeclaration-after-statement]
  223 |   uint32_t windowsDirection;
      |            ^
main.c(219): warning: unused parameter 'pvParameter' [-Wunused-parameter]
  219 | void passengerControl(void * pvParameter) // This function for passengers controlling passenger's window
      |                              ^
main.c(220): warning: function 'passengerControl' could be declared with attribute 'noreturn' [-Wmissing-noreturn]
  220 | {
      | ^
main.c(322): warning: empty expression statement has no effect; remove unnecessary ';' to silence this warning [-Wextra-semi-stmt]
  322 |     taskYIELD();
      |                ^
main.c(298): warning: unused parameter 'pvParameters' [-Wunused-parameter]
  298 | static void vJammingTask(void * pvParameters) {
      |                                 ^
main.c(298): warning: function 'vJammingTask' could be declared with attribute 'noreturn' [-Wmissing-noreturn]
  298 | static void vJammingTask(void * pvParameters) {
      |                                               ^
main.c(329): warning: unused parameter 'pvParameters' [-Wunused-parameter]
  329 | void InitTask(void * pvParameters) {
      |                      ^
main.c(362): warning: implicit conversion changes signedness: 'int' to 'uint32_t' (aka 'unsigned int') [-Wsign-conversion]
  362 |   GPIO_PORTB_PCTL_R &= ~GPIO_PORTB_PIN6_EN; // Regular GPIO of PORTB
      |                     ~~ ^~~~~~~~~~~~~~~~~~~
main.c(363): warning: implicit conversion changes signedness: 'int' to 'uint32_t' (aka 'unsigned int') [-Wsign-conversion]
  363 |   GPIO_PORTB_AMSEL_R &= ~GPIO_PORTB_PIN6_EN; // Disable analog function on pin 6 of PORTB
      |                      ~~ ^~~~~~~~~~~~~~~~~~~
main.c(364): warning: implicit conversion changes signedness: 'int' to 'uint32_t' (aka 'unsigned int') [-Wsign-conversion]
  364 |   GPIO_PORTB_AFSEL_R &= ~GPIO_PORTB_PIN6_EN; // Regular port function
      |                      ~~ ^~~~~~~~~~~~~~~~~~~
main.c(365): warning: implicit conversion changes signedness: 'int' to 'uint32_t' (aka 'unsigned int') [-Wsign-conversion]
  365 |   GPIO_PORTB_PCTL_R &= ~GPIO_PORTB_PIN7_EN; // Regular GPIO of PORTB
      |                     ~~ ^~~~~~~~~~~~~~~~~~~
main.c(366): warning: implicit conversion changes signedness: 'int' to 'uint32_t' (aka 'unsigned int') [-Wsign-conversion]
  366 |   GPIO_PORTB_AMSEL_R &= ~GPIO_PORTB_PIN7_EN; // Disable analog function on pin 7 of PORTB
      |                      ~~ ^~~~~~~~~~~~~~~~~~~
main.c(367): warning: implicit conversion changes signedness: 'int' to 'uint32_t' (aka 'unsigned int') [-Wsign-conversion]
  367 |   GPIO_PORTB_AFSEL_R &= ~GPIO_PORTB_PIN7_EN; // Regular port function
      |                      ~~ ^~~~~~~~~~~~~~~~~~~
main.c(369): warning: implicit conversion changes signedness: 'int' to 'uint32_t' (aka 'unsigned int') [-Wsign-conversion]
  369 |   GPIO_PORTB_PCTL_R &= ~GPIO_PORTB_PIN3_EN; // Regular GPIO of PORTB
      |                     ~~ ^~~~~~~~~~~~~~~~~~~
main.c(370): warning: implicit conversion changes signedness: 'int' to 'uint32_t' (aka 'unsigned int') [-Wsign-conversion]
  370 |   GPIO_PORTB_AMSEL_R &= ~GPIO_PORTB_PIN3_EN; // Disable analog function on pin 3 of PORTB
      |                      ~~ ^~~~~~~~~~~~~~~~~~~
main.c(371): warning: implicit conversion changes signedness: 'int' to 'uint32_t' (aka 'unsigned int') [-Wsign-conversion]
  371 |   GPIO_PORTB_AFSEL_R &= ~GPIO_PORTB_PIN3_EN; // Regular port function
      |                      ~~ ^~~~~~~~~~~~~~~~~~~
main.c(372): warning: implicit conversion changes signedness: 'int' to 'uint32_t' (aka 'unsigned int') [-Wsign-conversion]
  372 |   GPIO_PORTB_PCTL_R &= ~GPIO_PORTB_PIN2_EN; // Regular GPIO of PORTB
      |                     ~~ ^~~~~~~~~~~~~~~~~~~
main.c(373): warning: implicit conversion changes signedness: 'int' to 'uint32_t' (aka 'unsigned int') [-Wsign-conversion]
  373 |   GPIO_PORTB_AMSEL_R &= ~GPIO_PORTB_PIN2_EN; // Disable analog function on pin 2 of PORTB
      |                      ~~ ^~~~~~~~~~~~~~~~~~~
main.c(374): warning: implicit conversion changes signedness: 'int' to 'uint32_t' (aka 'unsigned int') [-Wsign-conversion]
  374 |   GPIO_PORTB_AFSEL_R &= ~GPIO_PORTB_PIN2_EN; // Regular port function
      |                      ~~ ^~~~~~~~~~~~~~~~~~~
main.c(381): warning: implicit conversion changes signedness: 'int' to 'uint32_t' (aka 'unsigned int') [-Wsign-conversion]
  381 |   GPIO_PORTB_PCTL_R &= ~GPIO_PORTB_PIN5_EN; // Regular GPIO of PORTB
      |                     ~~ ^~~~~~~~~~~~~~~~~~~
main.c(382): warning: implicit conversion changes signedness: 'int' to 'uint32_t' (aka 'unsigned int') [-Wsign-conversion]
  382 |   GPIO_PORTB_AMSEL_R &= ~GPIO_PORTB_PIN5_EN; // Disable analog function on pin 5 of PORTB
      |                      ~~ ^~~~~~~~~~~~~~~~~~~
main.c(383): warning: implicit conversion changes signedness: 'int' to 'uint32_t' (aka 'unsigned int') [-Wsign-conversion]
  383 |   GPIO_PORTB_AFSEL_R &= ~GPIO_PORTB_PIN5_EN; // Regular port function
      |                      ~~ ^~~~~~~~~~~~~~~~~~~
main.c(384): warning: implicit conversion changes signedness: 'int' to 'uint32_t' (aka 'unsigned int') [-Wsign-conversion]
  384 |   GPIO_PORTB_PCTL_R &= ~GPIO_PORTB_PIN4_EN; // Regular GPIO of PORTB
      |                     ~~ ^~~~~~~~~~~~~~~~~~~
main.c(385): warning: implicit conversion changes signedness: 'int' to 'uint32_t' (aka 'unsigned int') [-Wsign-conversion]
  385 |   GPIO_PORTB_AMSEL_R &= ~GPIO_PORTB_PIN4_EN; // Disable analog function on pin 4 of PORTB
      |                      ~~ ^~~~~~~~~~~~~~~~~~~
main.c(386): warning: implicit conversion changes signedness: 'int' to 'uint32_t' (aka 'unsigned int') [-Wsign-conversion]
  386 |   GPIO_PORTB_AFSEL_R &= ~GPIO_PORTB_PIN4_EN; // Regular port function
      |                      ~~ ^~~~~~~~~~~~~~~~~~~
main.c(469): warning: no newline at end of file [-Wnewline-eof]
  469 | //}
      |    ^
main.c(71): warning: no previous extern declaration for non-static variable 'xQueue_MainController' [-Wmissing-variable-declarations]
   71 | xQueueHandle xQueue_MainController; //Queue for main controller
      |              ^
main.c(71): note: declare 'static' if the variable is not intended to be used outside of this translation unit
   71 | xQueueHandle xQueue_MainController; //Queue for main controller
      | ^
C:/Users/HP/AppData/Local/Arm/Packs/ARM/CMSIS-FreeRTOS/10.5.1/Source/include\FreeRTOS.h(1068): note: expanded from macro 'xQueueHandle'
 1068 |     #define xQueueHandle                  QueueHandle_t
      |                                           ^
main.c(72): warning: no previous extern declaration for non-static variable 'xBinarySemaphore_MainController' [-Wmissing-variable-declarations]
   72 | xSemaphoreHandle xBinarySemaphore_MainController; // semaphore for main controller
      |                  ^
main.c(72): note: declare 'static' if the variable is not intended to be used outside of this translation unit
   72 | xSemaphoreHandle xBinarySemaphore_MainController; // semaphore for main controller
      | ^
C:/Users/HP/AppData/Local/Arm/Packs/ARM/CMSIS-FreeRTOS/10.5.1/Source/include\FreeRTOS.h(1069): note: expanded from macro 'xSemaphoreHandle'
 1069 |     #define xSemaphoreHandle              SemaphoreHandle_t
      |                                           ^
main.c(73): warning: no previous extern declaration for non-static variable 'xBinarySemaphore_Driver' [-Wmissing-variable-declarations]
   73 | xSemaphoreHandle xBinarySemaphore_Driver; // semaphore for main controller
      |                  ^
main.c(73): note: declare 'static' if the variable is not intended to be used outside of this translation unit
   73 | xSemaphoreHandle xBinarySemaphore_Driver; // semaphore for main controller
      | ^
C:/Users/HP/AppData/Local/Arm/Packs/ARM/CMSIS-FreeRTOS/10.5.1/Source/include\FreeRTOS.h(1069): note: expanded from macro 'xSemaphoreHandle'
 1069 |     #define xSemaphoreHandle              SemaphoreHandle_t
      |                                           ^
main.c(74): warning: no previous extern declaration for non-static variable 'xBinarySemaphore_Passenger' [-Wmissing-variable-declarations]
   74 | xSemaphoreHandle xBinarySemaphore_Passenger; // semaphore for main controller
      |                  ^
main.c(74): note: declare 'static' if the variable is not intended to be used outside of this translation unit
   74 | xSemaphoreHandle xBinarySemaphore_Passenger; // semaphore for main controller
      | ^
C:/Users/HP/AppData/Local/Arm/Packs/ARM/CMSIS-FreeRTOS/10.5.1/Source/include\FreeRTOS.h(1069): note: expanded from macro 'xSemaphoreHandle'
 1069 |     #define xSemaphoreHandle              SemaphoreHandle_t
      |                                           ^
main.c(75): warning: no previous extern declaration for non-static variable 'xJammingSemaphore' [-Wmissing-variable-declarations]
   75 | xSemaphoreHandle xJammingSemaphore;
      |                  ^
main.c(75): note: declare 'static' if the variable is not intended to be used outside of this translation unit
   75 | xSemaphoreHandle xJammingSemaphore;
      | ^
C:/Users/HP/AppData/Local/Arm/Packs/ARM/CMSIS-FreeRTOS/10.5.1/Source/include\FreeRTOS.h(1069): note: expanded from macro 'xSemaphoreHandle'
 1069 |     #define xSemaphoreHandle              SemaphoreHandle_t
      |                                           ^
main.c(78): warning: no previous extern declaration for non-static variable 'driverControllerHandler' [-Wmissing-variable-declarations]
   78 | xTaskHandle driverControllerHandler;
      |             ^
main.c(78): note: declare 'static' if the variable is not intended to be used outside of this translation unit
   78 | xTaskHandle driverControllerHandler;
      | ^
C:/Users/HP/AppData/Local/Arm/Packs/ARM/CMSIS-FreeRTOS/10.5.1/Source/include\FreeRTOS.h(1067): note: expanded from macro 'xTaskHandle'
 1067 |     #define xTaskHandle                   TaskHandle_t
      |                                           ^
main.c(79): warning: no previous extern declaration for non-static variable 'mainControllerHandler' [-Wmissing-variable-declarations]
   79 | xTaskHandle mainControllerHandler;
      |             ^
main.c(79): note: declare 'static' if the variable is not intended to be used outside of this translation unit
   79 | xTaskHandle mainControllerHandler;
      | ^
C:/Users/HP/AppData/Local/Arm/Packs/ARM/CMSIS-FreeRTOS/10.5.1/Source/include\FreeRTOS.h(1067): note: expanded from macro 'xTaskHandle'
 1067 |     #define xTaskHandle                   TaskHandle_t
      |                                           ^
main.c(80): warning: no previous extern declaration for non-static variable 'passengerControllerHandler' [-Wmissing-variable-declarations]
   80 | xTaskHandle passengerControllerHandler;
      |             ^
main.c(80): note: declare 'static' if the variable is not intended to be used outside of this translation unit
   80 | xTaskHandle passengerControllerHandler;
      | ^
C:/Users/HP/AppData/Local/Arm/Packs/ARM/CMSIS-FreeRTOS/10.5.1/Source/include\FreeRTOS.h(1067): note: expanded from macro 'xTaskHandle'
 1067 |     #define xTaskHandle                   TaskHandle_t
      |                                           ^
main.c(81): warning: no previous extern declaration for non-static variable 'jammingHandler' [-Wmissing-variable-declarations]
   81 | xTaskHandle jammingHandler;
      |             ^
main.c(81): note: declare 'static' if the variable is not intended to be used outside of this translation unit
   81 | xTaskHandle jammingHandler;
      | ^
C:/Users/HP/AppData/Local/Arm/Packs/ARM/CMSIS-FreeRTOS/10.5.1/Source/include\FreeRTOS.h(1067): note: expanded from macro 'xTaskHandle'
 1067 |     #define xTaskHandle                   TaskHandle_t
      |                                           ^
56 warnings generated.
compiling main.c...
linking...
Program Size: Code=15976 RO-data=724 RW-data=8 ZI-data=5024  
".\Objects\vip-s4.axf" - 0 Error(s), 72 Warning(s).

<h2>Software Packages used:</h2>

Package Vendor: ARM
                https://www.keil.com/pack/ARM.CMSIS.6.0.0.pack
                ARM::CMSIS@6.0.0
                CMSIS (Common Microcontroller Software Interface Standard)
   * Component: CORE Version: 6.0.0

Package Vendor: ARM
                https://www.keil.com/pack/ARM.CMSIS-FreeRTOS.10.5.1.pack
                ARM::CMSIS-FreeRTOS@10.5.1
                Bundle of FreeRTOS for Cortex-M and Cortex-A
   * Component: Config Variant: FreeRTOS Version: 10.5.1
   * Component: Core Variant: Cortex-M Version: 10.5.1
   * Component: Heap Variant: Heap_1 Version: 10.5.1

Package Vendor: Keil
                http://www.keil.com/pack/Keil.TM4C_DFP.1.1.0.pack
                Keil::TM4C_DFP@1.1.0
                Texas Instruments Tiva C Series Device Support and Examples
   * Component: Startup Version: 1.0.1

<h2>Collection of Component include folders:</h2>
  ./RTE/RTOS
  ./RTE/_Target_1
  C:/Users/HP/AppData/Local/Arm/Packs/ARM/CMSIS-FreeRTOS/10.5.1/CMSIS/RTOS2/FreeRTOS/Include
  C:/Users/HP/AppData/Local/Arm/Packs/ARM/CMSIS-FreeRTOS/10.5.1/Source/include
  C:/Users/HP/AppData/Local/Arm/Packs/ARM/CMSIS-FreeRTOS/10.5.1/Source/portable/GCC/ARM_CM4F
  C:/Users/HP/AppData/Local/Arm/Packs/ARM/CMSIS/6.0.0/CMSIS/Core/Include
  C:/Users/HP/AppData/Local/Arm/Packs/Keil/TM4C_DFP/1.1.0/Device/Include/TM4C123

<h2>Collection of Component Files used:</h2>

   * Component: ARM::CMSIS:CORE@6.0.0

   * Component: ARM::RTOS&FreeRTOS:Config&FreeRTOS@10.5.1
      Include file:  Config/ARMCM/FreeRTOSConfig.h

   * Component: ARM::RTOS&FreeRTOS:Core&Cortex-M@10.5.1
      Include file:  Source/include/FreeRTOS.h
      Include file:  Source/include/queue.h
      Include file:  Source/include/task.h
      Include file:  Source/include/semphr.h
      Source file:   Source/tasks.c
      Source file:   Source/queue.c
      Source file:   Source/list.c
      Source file:   Source/portable/GCC/ARM_CM4F/port.c
      Source file:   CMSIS/RTOS2/FreeRTOS/Source/freertos_evr.c

   * Component: ARM::RTOS&FreeRTOS:Heap&Heap_1@10.5.1
      Source file:   Source/portable/MemMang/heap_1.c

   * Component: Keil::Device:Startup@1.0.1
      Include file:  Device/Include/TM4C123/TM4C123.h
      Source file:   Device/Source/ARM/startup_TM4C123.s
      Source file:   Device/Source/system_TM4C123.c
Build Time Elapsed:  00:00:01
</pre>
</body>
</html>
