Component: Arm Compiler for Embedded 6.21 Tool: armlink [5ec1fa00]

==============================================================================

Section Cross References

    main.o(.ARM.exidx.text.vToggle_Blue) refers to main.o(.text.vToggle_Blue) for [Anonymous Symbol]
    main.o(.ARM.exidx.text.vToggle_Red) refers to main.o(.text.vToggle_Red) for [Anonymous Symbol]
    main.o(.ARM.exidx.text.vTurn_OFF) refers to main.o(.text.vTurn_OFF) for [Anonymous Symbol]
    main.o(.ARM.exidx.text.vPORTF_init) refers to main.o(.text.vPORTF_init) for [Anonymous Symbol]
    main.o(.text.main) refers to main.o(.text.InitTask) for InitTask
    main.o(.text.main) refers to queue.o(.text.xQueueGenericCreate) for xQueueGenericCreate
    main.o(.text.main) refers to main.o(.bss.xBinarySemaphore_Driver) for xBinarySemaphore_Driver
    main.o(.text.main) refers to main.o(.bss.xBinarySemaphore_Passenger) for xBinarySemaphore_Passenger
    main.o(.text.main) refers to main.o(.bss.xQueue_MainController) for xQueue_MainController
    main.o(.text.main) refers to main.o(.bss.driverControllerHandler) for driverControllerHandler
    main.o(.text.main) refers to main.o(.text.driverControl) for driverControl
    main.o(.text.main) refers to main.o(.rodata.str1.1) for .L.str
    main.o(.text.main) refers to tasks.o(.text.xTaskCreate) for xTaskCreate
    main.o(.text.main) refers to main.o(.bss.mainControllerHandler) for mainControllerHandler
    main.o(.text.main) refers to main.o(.text.mainController) for mainController
    main.o(.text.main) refers to main.o(.bss.passengerControllerHandler) for passengerControllerHandler
    main.o(.text.main) refers to main.o(.text.passengerControl) for passengerControl
    main.o(.text.main) refers to tasks.o(.text.vTaskStartScheduler) for vTaskStartScheduler
    main.o(.ARM.exidx.text.main) refers to main.o(.text.main) for [Anonymous Symbol]
    main.o(.text.InitTask) refers to dio.o(.text.DIO_Init) for DIO_Init
    main.o(.text.InitTask) refers to motor.o(.text.motorInit) for motorInit
    main.o(.ARM.exidx.text.InitTask) refers to main.o(.text.InitTask) for [Anonymous Symbol]
    main.o(.text.driverControl) refers to main.o(.bss.xBinarySemaphore_Driver) for xBinarySemaphore_Driver
    main.o(.text.driverControl) refers to queue.o(.text.xQueueSemaphoreTake) for xQueueSemaphoreTake
    main.o(.text.driverControl) refers to main.o(.bss.xQueue_MainController) for xQueue_MainController
    main.o(.text.driverControl) refers to queue.o(.text.xQueueReceive) for xQueueReceive
    main.o(.text.driverControl) refers to main.o(.text.vToggle_Blue) for vToggle_Blue
    main.o(.text.driverControl) refers to motor.o(.text.motorUP) for motorUP
    main.o(.text.driverControl) refers to motor.o(.text.motorDOWN) for motorDOWN
    main.o(.text.driverControl) refers to main.o(.text.vToggle_Red) for vToggle_Red
    main.o(.text.driverControl) refers to main.o(.text.vTurn_OFF) for vTurn_OFF
    main.o(.text.driverControl) refers to motor.o(.text.motorOFF) for motorOFF
    main.o(.ARM.exidx.text.driverControl) refers to main.o(.text.driverControl) for [Anonymous Symbol]
    main.o(.text.mainController) refers to main.o(.bss.xQueue_MainController) for xQueue_MainController
    main.o(.text.mainController) refers to queue.o(.text.xQueueGenericSend) for xQueueGenericSend
    main.o(.text.mainController) refers to main.o(.bss.xBinarySemaphore_Driver) for xBinarySemaphore_Driver
    main.o(.text.mainController) refers to main.o(.bss.xBinarySemaphore_Passenger) for xBinarySemaphore_Passenger
    main.o(.ARM.exidx.text.mainController) refers to main.o(.text.mainController) for [Anonymous Symbol]
    main.o(.text.passengerControl) refers to main.o(.bss.xBinarySemaphore_Passenger) for xBinarySemaphore_Passenger
    main.o(.text.passengerControl) refers to queue.o(.text.xQueueSemaphoreTake) for xQueueSemaphoreTake
    main.o(.text.passengerControl) refers to main.o(.bss.xQueue_MainController) for xQueue_MainController
    main.o(.text.passengerControl) refers to queue.o(.text.xQueueReceive) for xQueueReceive
    main.o(.text.passengerControl) refers to main.o(.text.vToggle_Blue) for vToggle_Blue
    main.o(.text.passengerControl) refers to main.o(.text.vToggle_Red) for vToggle_Red
    main.o(.text.passengerControl) refers to main.o(.text.vTurn_OFF) for vTurn_OFF
    main.o(.ARM.exidx.text.passengerControl) refers to main.o(.text.passengerControl) for [Anonymous Symbol]
    uart.o(.ARM.exidx.text.Delay) refers to uart.o(.text.Delay) for [Anonymous Symbol]
    uart.o(.text.UARTInit) refers to uart.o(.text.SYSCTL_GPIO_INIT) for SYSCTL_GPIO_INIT
    uart.o(.text.UARTInit) refers to uart.o(.text.Delay) for Delay
    uart.o(.text.UARTInit) refers to uart.o(.text.UARTDisable) for UARTDisable
    uart.o(.text.UARTInit) refers to uart.o(.text.UARTBaudIntDivSet) for UARTBaudIntDivSet
    uart.o(.text.UARTInit) refers to uart.o(.text.UARTBaudFracDivSet) for UARTBaudFracDivSet
[...]
    Removing tasks.o(.ARM.exidx.text.xTaskRemoveFromEventList), (8 bytes).
    Removing tasks.o(.text.vTaskRemoveFromUnorderedEventList), (362 bytes).
    Removing tasks.o(.ARM.exidx.text.vTaskRemoveFromUnorderedEventList), (8 bytes).
    Removing tasks.o(.text.vTaskSetTimeOutState), (74 bytes).
    Removing tasks.o(.ARM.exidx.text.vTaskSetTimeOutState), (8 bytes).
    Removing tasks.o(.ARM.exidx.text.vTaskInternalSetTimeOutState), (8 bytes).
    Removing tasks.o(.ARM.exidx.text.xTaskCheckForTimeOut), (8 bytes).
    Removing tasks.o(.ARM.exidx.text.vTaskMissedYield), (8 bytes).
    Removing tasks.o(.text.uxTaskGetTaskNumber), (34 bytes).
    Removing tasks.o(.ARM.exidx.text.uxTaskGetTaskNumber), (8 bytes).
    Removing tasks.o(.text.vTaskSetTaskNumber), (28 bytes).
    Removing tasks.o(.ARM.exidx.text.vTaskSetTaskNumber), (8 bytes).
    Removing tasks.o(.ARM.exidx.text.eTaskConfirmSleepModeStatus), (8 bytes).
    Removing tasks.o(.text.vTaskGetInfo), (224 bytes).
    Removing tasks.o(.ARM.exidx.text.vTaskGetInfo), (8 bytes).
    Removing tasks.o(.text.prvTaskCheckFreeStackSpace), (48 bytes).
    Removing tasks.o(.ARM.exidx.text.prvTaskCheckFreeStackSpace), (8 bytes).
    Removing tasks.o(.text.uxTaskGetStackHighWaterMark2), (60 bytes).
    Removing tasks.o(.ARM.exidx.text.uxTaskGetStackHighWaterMark2), (8 bytes).
    Removing tasks.o(.text.uxTaskGetStackHighWaterMark), (56 bytes).
    Removing tasks.o(.ARM.exidx.text.uxTaskGetStackHighWaterMark), (8 bytes).
    Removing tasks.o(.text.xTaskGetCurrentTaskHandle), (20 bytes).
    Removing tasks.o(.ARM.exidx.text.xTaskGetCurrentTaskHandle), (8 bytes).
    Removing tasks.o(.ARM.exidx.text.xTaskGetSchedulerState), (8 bytes).
    Removing tasks.o(.ARM.exidx.text.xTaskPriorityInherit), (8 bytes).
    Removing tasks.o(.ARM.exidx.text.xTaskPriorityDisinherit), (8 bytes).
    Removing tasks.o(.ARM.exidx.text.vTaskPriorityDisinheritAfterTimeout), (8 bytes).
    Removing tasks.o(.text.uxTaskResetEventItemValue), (34 bytes).
    Removing tasks.o(.ARM.exidx.text.uxTaskResetEventItemValue), (8 bytes).
    Removing tasks.o(.ARM.exidx.text.pvTaskIncrementMutexHeldCount), (8 bytes).
    Removing tasks.o(.text.ulTaskGenericNotifyTake), (248 bytes).
    Removing tasks.o(.ARM.exidx.text.ulTaskGenericNotifyTake), (8 bytes).
    Removing tasks.o(.text.xTaskGenericNotifyWait), (280 bytes).
    Removing tasks.o(.ARM.exidx.text.xTaskGenericNotifyWait), (8 bytes).
    Removing tasks.o(.text.xTaskGenericNotify), (558 bytes).
    Removing tasks.o(.ARM.exidx.text.xTaskGenericNotify), (8 bytes).
    Removing tasks.o(.text.xTaskGenericNotifyFromISR), (668 bytes).
    Removing tasks.o(.ARM.exidx.text.xTaskGenericNotifyFromISR), (8 bytes).
    Removing tasks.o(.text.vTaskGenericNotifyGiveFromISR), (498 bytes).
    Removing tasks.o(.ARM.exidx.text.vTaskGenericNotifyGiveFromISR), (8 bytes).
    Removing tasks.o(.text.xTaskGenericNotifyStateClear), (120 bytes).
    Removing tasks.o(.ARM.exidx.text.xTaskGenericNotifyStateClear), (8 bytes).
    Removing tasks.o(.text.ulTaskGenericNotifyValueClear), (82 bytes).
    Removing tasks.o(.ARM.exidx.text.ulTaskGenericNotifyValueClear), (8 bytes).
    Removing tasks.o(.ARM.exidx.text.prvInitialiseTaskLists), (8 bytes).
    Removing tasks.o(.ARM.exidx.text.prvCheckTasksWaitingTermination), (8 bytes).
    Removing tasks.o(.ARM.exidx.text.prvGetExpectedIdleTime), (8 bytes).

290 unused section(s) (total 18712 bytes) removed from the image.

==============================================================================

Image Symbol Table

    Local Symbols

    Symbol Name                              Value     Ov Type        Size  Object(Section)

    ../clib/angel/boardlib.s                 0x00000000   Number         0  boardinit1.o ABSOLUTE
    ../clib/angel/boardlib.s                 0x00000000   Number         0  boardinit2.o ABSOLUTE
    ../clib/angel/boardlib.s                 0x00000000   Number         0  boardinit3.o ABSOLUTE
    ../clib/angel/boardlib.s                 0x00000000   Number         0  boardshut.o ABSOLUTE
    ../clib/angel/handlers.s                 0x00000000   Number         0  __scatter_copy.o ABSOLUTE
    ../clib/angel/handlers.s                 0x00000000   Number         0  __scatter_zi.o ABSOLUTE
    ../clib/angel/kernel.s                   0x00000000   Number         0  __rtentry.o ABSOLUTE
    ../clib/angel/kernel.s                   0x00000000   Number         0  __rtentry2.o ABSOLUTE
    ../clib/angel/kernel.s                   0x00000000   Number         0  __rtentry4.o ABSOLUTE
    ../clib/angel/kernel.s                   0x00000000   Number         0  rtexit.o ABSOLUTE
    ../clib/angel/kernel.s                   0x00000000   Number         0  rtexit2.o ABSOLUTE
    ../clib/angel/rt.s                       0x00000000   Number         0  rt_raise.o ABSOLUTE
    ../clib/angel/scatter.s                  0x00000000   Number         0  __scatter.o ABSOLUTE
    ../clib/angel/startup.s                  0x00000000   Number         0  __main.o ABSOLUTE
    ../clib/angel/sys.s                      0x00000000   Number         0  sys_stackheap_outer.o ABSOLUTE
    ../clib/angel/sys.s                      0x00000000   Number         0  libspace.o ABSOLUTE
    ../clib/angel/sys.s                      0x00000000   Number         0  use_no_semi.o ABSOLUTE
    ../clib/angel/sys.s                      0x00000000   Number         0  indicate_semi.o ABSOLUTE
    ../clib/angel/sysapp.c                   0x00000000   Number         0  sys_exit.o ABSOLUTE
    ../clib/angel/sysapp.c                   0x00000000   Number         0  sys_exit_hlt.o ABSOLUTE
    ../clib/angel/sysapp.c                   0x00000000   Number         0  sys_command.o ABSOLUTE
    ../clib/angel/sysapp.c                   0x00000000   Number         0  sys_command_hlt.o ABSOLUTE
    ../clib/angel/sysapp.c                   0x00000000   Number         0  sys_wrch.o ABSOLUTE
    ../clib/angel/sysapp.c                   0x00000000   Number         0  sys_wrch_hlt.o ABSOLUTE
    ../clib/armsys.c                         0x00000000   Number         0  argv_veneer.o ABSOLUTE
    ../clib/armsys.c                         0x00000000   Number         0  argv_veneer.o ABSOLUTE
    ../clib/armsys.c                         0x00000000   Number         0  _get_argv_nomalloc.o ABSOLUTE
    ../clib/armsys.c                         0x00000000   Number         0  no_argv.o ABSOLUTE
    ../clib/heapalloc.c                      0x00000000   Number         0  hrguard.o ABSOLUTE
    ../clib/heapaux.c                        0x00000000   Number         0  heapauxi.o ABSOLUTE
    ../clib/libinit.s                        0x00000000   Number         0  libinit.o ABSOLUTE
    ../clib/libinit.s                        0x00000000   Number         0  libinit2.o ABSOLUTE
    ../clib/libinit.s                        0x00000000   Number         0  libshutdown.o ABSOLUTE
    ../clib/libinit.s                        0x00000000   Number         0  libshutdown2.o ABSOLUTE
    ../clib/memcpset.s                       0x00000000   Number         0  rt_memcpy_v6.o ABSOLUTE
    ../clib/memcpset.s                       0x00000000   Number         0  aeabi_memset4.o ABSOLUTE
    ../clib/memcpset.s                       0x00000000   Number         0  rt_memclr.o ABSOLUTE
    ../clib/memcpset.s                       0x00000000   Number         0  rt_memcpy_w.o ABSOLUTE
    ../clib/memcpset.s                       0x00000000   Number         0  rt_memclr_w.o ABSOLUTE
    ../clib/signal.c                         0x00000000   Number         0  defsig_rtmem_outer.o ABSOLUTE
    ../clib/signal.c                         0x00000000   Number         0  defsig_rtmem_formal.o ABSOLUTE
    ../clib/signal.c                         0x00000000   Number         0  defsig_exit.o ABSOLUTE
    ../clib/signal.c                         0x00000000   Number         0  defsig_rtmem_inner.o ABSOLUTE
    ../clib/signal.c                         0x00000000   Number         0  __raise.o ABSOLUTE
    ../clib/signal.c                         0x00000000   Number         0  defsig_general.o ABSOLUTE
    ../clib/signal.c                         0x00000000   Number         0  defsig_abrt_inner.o ABSOLUTE
    ../clib/signal.c                         0x00000000   Number         0  defsig_fpe_inner.o ABSOLUTE
    ../clib/signal.c                         0x00000000   Number         0  defsig_rtred_inner.o ABSOLUTE
    ../clib/signal.c                         0x00000000   Number         0  defsig_stak_inner.o ABSOLUTE
    ../clib/signal.c                         0x00000000   Number         0  defsig_pvfn_inner.o ABSOLUTE
    ../clib/signal.c                         0x00000000   Number         0  defsig_cppl_inner.o ABSOLUTE
    ../clib/signal.c                         0x00000000   Number         0  defsig_segv_inner.o ABSOLUTE
    ../clib/signal.c                         0x00000000   Number         0  defsig_other.o ABSOLUTE
    ../clib/signal.s                         0x00000000   Number         0  defsig.o ABSOLUTE
    ../clib/stdlib.c                         0x00000000   Number         0  exit.o ABSOLUTE
    ../clib/string.c                         0x00000000   Number         0  strlen.o ABSOLUTE
    ../fplib/dfix.s                          0x00000000   Number         0  dfix.o ABSOLUTE
    ../fplib/dmul.s                          0x00000000   Number         0  dmul.o ABSOLUTE
    ../fplib/dnaninf.s                       0x00000000   Number         0  dnaninf.o ABSOLUTE
    ../fplib/dretinf.s                       0x00000000   Number         0  dretinf.o ABSOLUTE
    ../fplib/f2d.s                           0x00000000   Number         0  f2d.o ABSOLUTE
    ../fplib/fnaninf.s                       0x00000000   Number         0  fnaninf.o ABSOLUTE
    ../fplib/fpinit.s                        0x00000000   Number         0  fpinit.o ABSOLUTE
    ../fplib/usenofp.s                       0x00000000   Number         0  usenofp.o ABSOLUTE
    RTE/Device/TM4C123GH6PM/startup_TM4C123.s 0x00000000   Number         0  startup_tm4c123.o ABSOLUTE
    dc.s                                     0x00000000   Number         0  dc.o ABSOLUTE
    dio.c                                    0x00000000   Number         0  dio.o ABSOLUTE
    freertos_evr.c                           0x00000000   Number         0  freertos_evr.o ABSOLUTE
    heap_1.c                                 0x00000000   Number         0  heap_1.o ABSOLUTE
    list.c                                   0x00000000   Number         0  list.o ABSOLUTE
    main.c                                   0x00000000   Number         0  main.o ABSOLUTE
    motor.c                                  0x00000000   Number         0  motor.o ABSOLUTE
    port.c                                   0x00000000   Number         0  port.o ABSOLUTE
    queue.c                                  0x00000000   Number         0  queue.o ABSOLUTE
    system_TM4C123.c                         0x00000000   Number         0  system_tm4c123.o ABSOLUTE
    tasks.c                                  0x00000000   Number         0  tasks.o ABSOLUTE
    uart.c                                   0x00000000   Number         0  uart.o ABSOLUTE
    RESET                                    0x00000000   Section      620  startup_tm4c123.o(RESET)
    !!!main                                  0x0000026c   Section        8  __main.o(!!!main)
    !!!scatter                               0x00000274   Section       92  __scatter.o(!!!scatter)
    !!handler_copy                           0x000002d0   Section       26  __scatter_copy.o(!!handler_copy)
    !!handler_null                           0x000002ec   Section        2  __scatter.o(!!handler_null)
    !!handler_zi                             0x000002f0   Section       28  __scatter_zi.o(!!handler_zi)
    .ARM.Collect$$libinit$$00000000          0x0000030c   Section        2  libinit.o(.ARM.Collect$$libinit$$00000000)
    .ARM.Collect$$libinit$$00000001          0x0000030e   Section        4  libinit2.o(.ARM.Collect$$libinit$$00000001)
    .ARM.Collect$$libinit$$00000004          0x00000312   Section        0  libinit2.o(.ARM.Collect$$libinit$$00000004)
    .ARM.Collect$$libinit$$00000006          0x00000312   Section        0  libinit2.o(.ARM.Collect$$libinit$$00000006)
    .ARM.Collect$$libinit$$0000000C          0x00000312   Section        0  libinit2.o(.ARM.Collect$$libinit$$0000000C)
    .ARM.Collect$$libinit$$0000000E          0x00000312   Section        0  libinit2.o(.ARM.Collect$$libinit$$0000000E)
    .ARM.Collect$$libinit$$00000010          0x00000312   Section        0  libinit2.o(.ARM.Collect$$libinit$$00000010)
    .ARM.Collect$$libinit$$00000013          0x00000312   Section        0  libinit2.o(.ARM.Collect$$libinit$$00000013)
    .ARM.Collect$$libinit$$00000015          0x00000312   Section        0  libinit2.o(.ARM.Collect$$libinit$$00000015)
    .ARM.Collect$$libinit$$00000017          0x00000312   Section        0  libinit2.o(.ARM.Collect$$libinit$$00000017)
    .ARM.Collect$$libinit$$00000019          0x00000312   Section        0  libinit2.o(.ARM.Collect$$libinit$$00000019)
    .ARM.Collect$$libinit$$0000001B          0x00000312   Section        0  libinit2.o(.ARM.Collect$$libinit$$0000001B)
    .ARM.Collect$$libinit$$0000001D          0x00000312   Section        0  libinit2.o(.ARM.Collect$$libinit$$0000001D)
    .ARM.Collect$$libinit$$0000001F          0x00000312   Section        0  libinit2.o(.ARM.Collect$$libinit$$0000001F)
    .ARM.Collect$$libinit$$00000021          0x00000312   Section        0  libinit2.o(.ARM.Collect$$libinit$$00000021)
    .ARM.Collect$$libinit$$00000023          0x00000312   Section        0  libinit2.o(.ARM.Collect$$libinit$$00000023)
    .ARM.Collect$$libinit$$00000025          0x00000312   Section        0  libinit2.o(.ARM.Collect$$libinit$$00000025)
    .ARM.Collect$$libinit$$00000027          0x00000312   Section        0  libinit2.o(.ARM.Collect$$libinit$$00000027)
    .ARM.Collect$$libinit$$0000002E          0x00000312   Section        0  libinit2.o(.ARM.Collect$$libinit$$0000002E)
    .ARM.Collect$$libinit$$00000030          0x00000312   Section        0  libinit2.o(.ARM.Collect$$libinit$$00000030)
    .ARM.Collect$$libinit$$00000032          0x00000312   Section        0  libinit2.o(.ARM.Collect$$libinit$$00000032)
    .ARM.Collect$$libinit$$00000034          0x00000312   Section        0  libinit2.o(.ARM.Collect$$libinit$$00000034)
    .ARM.Collect$$libinit$$00000035          0x00000312   Section        2  libinit2.o(.ARM.Collect$$libinit$$00000035)
    .ARM.Collect$$libshutdown$$00000000      0x00000314   Section        2  libshutdown.o(.ARM.Collect$$libshutdown$$00000000)
    .ARM.Collect$$libshutdown$$00000002      0x00000316   Section        0  libshutdown2.o(.ARM.Collect$$libshutdown$$00000002)
    .ARM.Collect$$libshutdown$$00000004      0x00000316   Section        0  libshutdown2.o(.ARM.Collect$$libshutdown$$00000004)
    .ARM.Collect$$libshutdown$$00000007      0x00000316   Section        0  libshutdown2.o(.ARM.Collect$$libshutdown$$00000007)
    .ARM.Collect$$libshutdown$$0000000A      0x00000316   Section        0  libshutdown2.o(.ARM.Collect$$libshutdown$$0000000A)
    .ARM.Collect$$libshutdown$$0000000C      0x00000316   Section        0  libshutdown2.o(.ARM.Collect$$libshutdown$$0000000C)
    .ARM.Collect$$libshutdown$$0000000F      0x00000316   Section        0  libshutdown2.o(.ARM.Collect$$libshutdown$$0000000F)
    .ARM.Collect$$libshutdown$$00000010      0x00000316   Section        2  libshutdown2.o(.ARM.Collect$$libshutdown$$00000010)
    .ARM.Collect$$rtentry$$00000000          0x00000318   Section        0  __rtentry.o(.ARM.Collect$$rtentry$$00000000)
    .ARM.Collect$$rtentry$$00000002          0x00000318   Section        0  __rtentry2.o(.ARM.Collect$$rtentry$$00000002)
    .ARM.Collect$$rtentry$$00000004          0x00000318   Section        6  __rtentry4.o(.ARM.Collect$$rtentry$$00000004)
    .ARM.Collect$$rtentry$$00000009          0x0000031e   Section        0  __rtentry2.o(.ARM.Collect$$rtentry$$00000009)
    .ARM.Collect$$rtentry$$0000000A          0x0000031e   Section        4  __rtentry2.o(.ARM.Collect$$rtentry$$0000000A)
    .ARM.Collect$$rtentry$$0000000C          0x00000322   Section        0  __rtentry2.o(.ARM.Collect$$rtentry$$0000000C)
    .ARM.Collect$$rtentry$$0000000D          0x00000322   Section        8  __rtentry2.o(.ARM.Collect$$rtentry$$0000000D)
    .ARM.Collect$$rtexit$$00000000           0x0000032a   Section        2  rtexit.o(.ARM.Collect$$rtexit$$00000000)
    .ARM.Collect$$rtexit$$00000002           0x0000032c   Section        0  rtexit2.o(.ARM.Collect$$rtexit$$00000002)
    .ARM.Collect$$rtexit$$00000003           0x0000032c   Section        4  rtexit2.o(.ARM.Collect$$rtexit$$00000003)
    .ARM.Collect$$rtexit$$00000004           0x00000330   Section        6  rtexit2.o(.ARM.Collect$$rtexit$$00000004)
    $v0                                      0x00000338   Number         0  startup_tm4c123.o(.text)
    .text                                    0x00000338   Section      276  startup_tm4c123.o(.text)
    .text                                    0x0000044c   Section      138  rt_memcpy_v6.o(.text)
    .text                                    0x000004d6   Section       16  aeabi_memset4.o(.text)
    .text                                    0x000004e6   Section       68  rt_memclr.o(.text)
    .text                                    0x0000052a   Section        0  heapauxi.o(.text)
    .text                                    0x00000530   Section      100  rt_memcpy_w.o(.text)
    .text                                    0x00000594   Section       78  rt_memclr_w.o(.text)
    .text                                    0x000005e2   Section       74  sys_stackheap_outer.o(.text)
    .text                                    0x0000062c   Section        0  exit.o(.text)
    .text                                    0x00000640   Section        8  libspace.o(.text)
    .text                                    0x00000648   Section        0  sys_exit.o(.text)
    .text                                    0x00000654   Section        2  use_no_semi.o(.text)
    .text                                    0x00000656   Section        0  indicate_semi.o(.text)
    [Anonymous Symbol]                       0x00000658   Section        0  dio.o(.text.DIO_Init)
    [Anonymous Symbol]                       0x0000096c   Section        0  dio.o(.text.DIO_WritePin)
    [Anonymous Symbol]                       0x00000b1c   Section        0  dio.o(.text.DIO_WritePort)
    [Anonymous Symbol]                       0x00000b90   Section        0  main.o(.text.InitTask)
    [Anonymous Symbol]                       0x00000bf0   Section        0  port.o(.text.PendSV_Handler)
    pxCurrentTCBConst                        0x00000c50   Number         0  port.o(.text.PendSV_Handler)
    [Anonymous Symbol]                       0x00000c60   Section        0  port.o(.text.SVC_Handler)
    pxCurrentTCBConst2                       0x00000c80   Number         0  port.o(.text.SVC_Handler)
    [Anonymous Symbol]                       0x00000c84   Section        0  port.o(.text.SysTick_Handler)
    [Anonymous Symbol]                       0x00000cc0   Section        0  system_tm4c123.o(.text.SystemInit)
    [Anonymous Symbol]                       0x00000cd4   Section        0  main.o(.text.driverControl)
    [Anonymous Symbol]                       0x00000d80   Section        0  tasks.o(.text.eTaskConfirmSleepModeStatus)
    [Anonymous Symbol]                       0x00000e00   Section        0  main.o(.text.main)
    [Anonymous Symbol]                       0x00000ef8   Section        0  main.o(.text.mainController)
    [Anonymous Symbol]                       0x0000100c   Section        0  motor.o(.text.motorDOWN)
    [Anonymous Symbol]                       0x0000102c   Section        0  motor.o(.text.motorInit)
    [Anonymous Symbol]                       0x0000104c   Section        0  motor.o(.text.motorOFF)
    [Anonymous Symbol]                       0x00001058   Section        0  motor.o(.text.motorUP)
    [Anonymous Symbol]                       0x00001078   Section        0  main.o(.text.passengerControl)
    prvAddCurrentTaskToDelayedList           0x0000111d   Thumb Code   290  tasks.o(.text.prvAddCurrentTaskToDelayedList)
    [Anonymous Symbol]                       0x0000111c   Section        0  tasks.o(.text.prvAddCurrentTaskToDelayedList)
    prvAddNewTaskToReadyList                 0x00001241   Thumb Code   340  tasks.o(.text.prvAddNewTaskToReadyList)
    [Anonymous Symbol]                       0x00001240   Section        0  tasks.o(.text.prvAddNewTaskToReadyList)
    prvCheckTasksWaitingTermination          0x00001395   Thumb Code    90  tasks.o(.text.prvCheckTasksWaitingTermination)
    [Anonymous Symbol]                       0x00001394   Section        0  tasks.o(.text.prvCheckTasksWaitingTermination)
    prvCopyDataFromQueue                     0x000013f1   Thumb Code    66  queue.o(.text.prvCopyDataFromQueue)
    [Anonymous Symbol]                       0x000013f0   Section        0  queue.o(.text.prvCopyDataFromQueue)
    prvCopyDataToQueue                       0x00001435   Thumb Code   204  queue.o(.text.prvCopyDataToQueue)
    [Anonymous Symbol]                       0x00001434   Section        0  queue.o(.text.prvCopyDataToQueue)
    prvDeleteTCB                             0x00001501   Thumb Code    24  tasks.o(.text.prvDeleteTCB)
    [Anonymous Symbol]                       0x00001500   Section        0  tasks.o(.text.prvDeleteTCB)
    prvGetDisinheritPriorityAfterTimeout     0x00001519   Thumb Code    38  queue.o(.text.prvGetDisinheritPriorityAfterTimeout)
    [Anonymous Symbol]                       0x00001518   Section        0  queue.o(.text.prvGetDisinheritPriorityAfterTimeout)
    prvGetExpectedIdleTime                   0x00001541   Thumb Code   124  tasks.o(.text.prvGetExpectedIdleTime)
    [Anonymous Symbol]                       0x00001540   Section        0  tasks.o(.text.prvGetExpectedIdleTime)
    prvIdleTask                              0x000015bd   Thumb Code   154  tasks.o(.text.prvIdleTask)
    [Anonymous Symbol]                       0x000015bc   Section        0  tasks.o(.text.prvIdleTask)
    prvInitialiseNewQueue                    0x00001659   Thumb Code    78  queue.o(.text.prvInitialiseNewQueue)
    [Anonymous Symbol]                       0x00001658   Section        0  queue.o(.text.prvInitialiseNewQueue)
    prvInitialiseNewTask                     0x000016a9   Thumb Code   292  tasks.o(.text.prvInitialiseNewTask)
    [Anonymous Symbol]                       0x000016a8   Section        0  tasks.o(.text.prvInitialiseNewTask)
    prvInitialiseTaskLists                   0x000017cd   Thumb Code   142  tasks.o(.text.prvInitialiseTaskLists)
    [Anonymous Symbol]                       0x000017cc   Section        0  tasks.o(.text.prvInitialiseTaskLists)
    prvIsQueueEmpty                          0x0000185d   Thumb Code    40  queue.o(.text.prvIsQueueEmpty)
    [Anonymous Symbol]                       0x0000185c   Section        0  queue.o(.text.prvIsQueueEmpty)
    prvIsQueueFull                           0x00001885   Thumb Code    46  queue.o(.text.prvIsQueueFull)
    [Anonymous Symbol]                       0x00001884   Section        0  queue.o(.text.prvIsQueueFull)
    prvNotifyQueueSetContainer               0x000018b5   Thumb Code   236  queue.o(.text.prvNotifyQueueSetContainer)
    [Anonymous Symbol]                       0x000018b4   Section        0  queue.o(.text.prvNotifyQueueSetContainer)
    prvPortStartFirstTask                    0x000019a1   Thumb Code    40  port.o(.text.prvPortStartFirstTask)
    [Anonymous Symbol]                       0x000019a0   Section        0  port.o(.text.prvPortStartFirstTask)
    prvResetNextTaskUnblockTime              0x000019c9   Thumb Code    60  tasks.o(.text.prvResetNextTaskUnblockTime)
    [Anonymous Symbol]                       0x000019c8   Section        0  tasks.o(.text.prvResetNextTaskUnblockTime)
    prvTaskExitError                         0x00001a05   Thumb Code    76  port.o(.text.prvTaskExitError)
    [Anonymous Symbol]                       0x00001a04   Section        0  port.o(.text.prvTaskExitError)
    prvUnlockQueue                           0x00001a51   Thumb Code   204  queue.o(.text.prvUnlockQueue)
    [Anonymous Symbol]                       0x00001a50   Section        0  queue.o(.text.prvUnlockQueue)
    [Anonymous Symbol]                       0x00001b1c   Section        0  heap_1.o(.text.pvPortMalloc)
    [Anonymous Symbol]                       0x00001bdc   Section        0  tasks.o(.text.pvTaskIncrementMutexHeldCount)
    [Anonymous Symbol]                       0x00001c08   Section        0  port.o(.text.pxPortInitialiseStack)
    [Anonymous Symbol]                       0x00001c68   Section        0  list.o(.text.uxListRemove)
    [Anonymous Symbol]                       0x00001cb0   Section        0  tasks.o(.text.uxTaskGetNumberOfTasks)
    [Anonymous Symbol]                       0x00001cbc   Section        0  list.o(.text.vListInitialise)
    [Anonymous Symbol]                       0x00001cec   Section        0  list.o(.text.vListInitialiseItem)
    [Anonymous Symbol]                       0x00001cfc   Section        0  list.o(.text.vListInsert)
    vPortEnableVFP                           0x00001d69   Thumb Code    20  port.o(.text.vPortEnableVFP)
    [Anonymous Symbol]                       0x00001d68   Section        0  port.o(.text.vPortEnableVFP)
    [Anonymous Symbol]                       0x00001d7c   Section        0  port.o(.text.vPortEnterCritical)
    [Anonymous Symbol]                       0x00001dd4   Section        0  port.o(.text.vPortExitCritical)
    [Anonymous Symbol]                       0x00001e20   Section        0  heap_1.o(.text.vPortFree)
    [Anonymous Symbol]                       0x00001e44   Section        0  port.o(.text.vPortSetupTimerInterrupt)
    [Anonymous Symbol]                       0x00001ebc   Section        0  port.o(.text.vPortSuppressTicksAndSleep)
    [Anonymous Symbol]                       0x000020dc   Section        0  tasks.o(.text.vTaskInternalSetTimeOutState)
    [Anonymous Symbol]                       0x00002100   Section        0  tasks.o(.text.vTaskMissedYield)
    [Anonymous Symbol]                       0x00002110   Section        0  tasks.o(.text.vTaskPlaceOnEventList)
    [Anonymous Symbol]                       0x00002154   Section        0  tasks.o(.text.vTaskPriorityDisinheritAfterTimeout)
    [Anonymous Symbol]                       0x000022d8   Section        0  tasks.o(.text.vTaskStartScheduler)
    [Anonymous Symbol]                       0x00002378   Section        0  tasks.o(.text.vTaskStepTick)
    [Anonymous Symbol]                       0x00002444   Section        0  tasks.o(.text.vTaskSuspendAll)
    __tagsym$$used.0                         0x00002454   Number         0  tasks.o(.text.vTaskSwitchContext)
    [Anonymous Symbol]                       0x00002454   Section        0  tasks.o(.text.vTaskSwitchContext)
    [Anonymous Symbol]                       0x00002514   Section        0  main.o(.text.vToggle_Blue)
    [Anonymous Symbol]                       0x00002528   Section        0  main.o(.text.vToggle_Red)
    [Anonymous Symbol]                       0x0000253c   Section        0  main.o(.text.vTurn_OFF)
    [Anonymous Symbol]                       0x00002550   Section        0  port.o(.text.xPortStartScheduler)
    [Anonymous Symbol]                       0x000026a8   Section        0  queue.o(.text.xQueueGenericCreate)
    [Anonymous Symbol]                       0x00002744   Section        0  queue.o(.text.xQueueGenericReset)
    [Anonymous Symbol]                       0x0000284c   Section        0  queue.o(.text.xQueueGenericSend)
    [Anonymous Symbol]                       0x00002ac0   Section        0  queue.o(.text.xQueueReceive)
    [Anonymous Symbol]                       0x00002c9c   Section        0  queue.o(.text.xQueueSemaphoreTake)
    [Anonymous Symbol]                       0x00002eac   Section        0  tasks.o(.text.xTaskCheckForTimeOut)
    [Anonymous Symbol]                       0x00002fa8   Section        0  tasks.o(.text.xTaskCreate)
    [Anonymous Symbol]                       0x00003048   Section        0  tasks.o(.text.xTaskGetSchedulerState)
    [Anonymous Symbol]                       0x00003080   Section        0  tasks.o(.text.xTaskIncrementTick)
    [Anonymous Symbol]                       0x000032e0   Section        0  tasks.o(.text.xTaskPriorityDisinherit)
    [Anonymous Symbol]                       0x00003418   Section        0  tasks.o(.text.xTaskPriorityInherit)
    [Anonymous Symbol]                       0x00003574   Section        0  tasks.o(.text.xTaskRemoveFromEventList)
    [Anonymous Symbol]                       0x00003708   Section        0  tasks.o(.text.xTaskResumeAll)
    $v0                                      0x0000392a   Number         0  fpinit.o(x$fpl$fpinit)
    x$fpl$fpinit                             0x0000392a   Section       26  fpinit.o(x$fpl$fpinit)
    .L.str.1                                 0x00003944   Data          13  main.o(.rodata.str1.1)
    [Anonymous Symbol]                       0x00003944   Section        0  main.o(.rodata.str1.1)
    .L.str.2                                 0x00003951   Data          18  main.o(.rodata.str1.1)
    .L.str                                   0x00003963   Data          15  main.o(.rodata.str1.1)
    .L.str                                   0x00003972   Data           5  tasks.o(.rodata.str1.1)
    [Anonymous Symbol]                       0x00003972   Section        0  tasks.o(.rodata.str1.1)
    uxCriticalNesting                        0x20000004   Data           4  port.o(.data.uxCriticalNesting)
    [Anonymous Symbol]                       0x20000004   Section        0  port.o(.data.uxCriticalNesting)
    .bss                                     0x20000008   Section       96  libspace.o(.bss)
    pvPortMalloc.pucAlignedHeap              0x20000074   Data           4  heap_1.o(.bss.pvPortMalloc.pucAlignedHeap)
    [Anonymous Symbol]                       0x20000074   Section        0  heap_1.o(.bss.pvPortMalloc.pucAlignedHeap)
    __tagsym$$used.1                         0x20000078   Number         0  tasks.o(.bss.pxCurrentTCB)
    pxDelayedTaskList                        0x2000007c   Data           4  tasks.o(.bss.pxDelayedTaskList)
    [Anonymous Symbol]                       0x2000007c   Section        0  tasks.o(.bss.pxDelayedTaskList)
    pxOverflowDelayedTaskList                0x20000080   Data           4  tasks.o(.bss.pxOverflowDelayedTaskList)
    [Anonymous Symbol]                       0x20000080   Section        0  tasks.o(.bss.pxOverflowDelayedTaskList)
    pxReadyTasksLists                        0x20000084   Data         100  tasks.o(.bss.pxReadyTasksLists)
    [Anonymous Symbol]                       0x20000084   Section        0  tasks.o(.bss.pxReadyTasksLists)
    ucHeap                                   0x200000e8   Data        4096  heap_1.o(.bss.ucHeap)
    [Anonymous Symbol]                       0x200000e8   Section        0  heap_1.o(.bss.ucHeap)
    ucMaxSysCallPriority                     0x200010e8   Data           1  port.o(.bss.ucMaxSysCallPriority)
    [Anonymous Symbol]                       0x200010e8   Section        0  port.o(.bss.ucMaxSysCallPriority)
    ulMaxPRIGROUPValue                       0x200010ec   Data           4  port.o(.bss.ulMaxPRIGROUPValue)
    [Anonymous Symbol]                       0x200010ec   Section        0  port.o(.bss.ulMaxPRIGROUPValue)
    ulStoppedTimerCompensation               0x200010f0   Data           4  port.o(.bss.ulStoppedTimerCompensation)
    [Anonymous Symbol]                       0x200010f0   Section        0  port.o(.bss.ulStoppedTimerCompensation)
    ulTimerCountsForOneTick                  0x200010f4   Data           4  port.o(.bss.ulTimerCountsForOneTick)
    [Anonymous Symbol]                       0x200010f4   Section        0  port.o(.bss.ulTimerCountsForOneTick)
    uxCurrentNumberOfTasks                   0x200010f8   Data           4  tasks.o(.bss.uxCurrentNumberOfTasks)
    [Anonymous Symbol]                       0x200010f8   Section        0  tasks.o(.bss.uxCurrentNumberOfTasks)
    uxDeletedTasksWaitingCleanUp             0x200010fc   Data           4  tasks.o(.bss.uxDeletedTasksWaitingCleanUp)
    [Anonymous Symbol]                       0x200010fc   Section        0  tasks.o(.bss.uxDeletedTasksWaitingCleanUp)
    uxSchedulerSuspended                     0x20001100   Data           4  tasks.o(.bss.uxSchedulerSuspended)
    [Anonymous Symbol]                       0x20001100   Section        0  tasks.o(.bss.uxSchedulerSuspended)
    uxTaskNumber                             0x20001104   Data           4  tasks.o(.bss.uxTaskNumber)
    [Anonymous Symbol]                       0x20001104   Section        0  tasks.o(.bss.uxTaskNumber)
    uxTopReadyPriority                       0x20001108   Data           4  tasks.o(.bss.uxTopReadyPriority)
    [Anonymous Symbol]                       0x20001108   Section        0  tasks.o(.bss.uxTopReadyPriority)
    xDelayedTaskList1                        0x20001114   Data          20  tasks.o(.bss.xDelayedTaskList1)
    [Anonymous Symbol]                       0x20001114   Section        0  tasks.o(.bss.xDelayedTaskList1)
    xDelayedTaskList2                        0x20001128   Data          20  tasks.o(.bss.xDelayedTaskList2)
    [Anonymous Symbol]                       0x20001128   Section        0  tasks.o(.bss.xDelayedTaskList2)
    xIdleTaskHandle                          0x2000113c   Data           4  tasks.o(.bss.xIdleTaskHandle)
    [Anonymous Symbol]                       0x2000113c   Section        0  tasks.o(.bss.xIdleTaskHandle)
    xMaximumPossibleSuppressedTicks          0x20001140   Data           4  port.o(.bss.xMaximumPossibleSuppressedTicks)
    [Anonymous Symbol]                       0x20001140   Section        0  port.o(.bss.xMaximumPossibleSuppressedTicks)
    xNextFreeByte                            0x20001144   Data           4  heap_1.o(.bss.xNextFreeByte)
    [Anonymous Symbol]                       0x20001144   Section        0  heap_1.o(.bss.xNextFreeByte)
    xNextTaskUnblockTime                     0x20001148   Data           4  tasks.o(.bss.xNextTaskUnblockTime)
    [Anonymous Symbol]                       0x20001148   Section        0  tasks.o(.bss.xNextTaskUnblockTime)
    xNumOfOverflows                          0x2000114c   Data           4  tasks.o(.bss.xNumOfOverflows)
    [Anonymous Symbol]                       0x2000114c   Section        0  tasks.o(.bss.xNumOfOverflows)
    xPendedTicks                             0x20001150   Data           4  tasks.o(.bss.xPendedTicks)
    [Anonymous Symbol]                       0x20001150   Section        0  tasks.o(.bss.xPendedTicks)
    xPendingReadyList                        0x20001154   Data          20  tasks.o(.bss.xPendingReadyList)
    [Anonymous Symbol]                       0x20001154   Section        0  tasks.o(.bss.xPendingReadyList)
    xSchedulerRunning                        0x2000116c   Data           4  tasks.o(.bss.xSchedulerRunning)
    [Anonymous Symbol]                       0x2000116c   Section        0  tasks.o(.bss.xSchedulerRunning)
    xSuspendedTaskList                       0x20001170   Data          20  tasks.o(.bss.xSuspendedTaskList)
    [Anonymous Symbol]                       0x20001170   Section        0  tasks.o(.bss.xSuspendedTaskList)
    xTasksWaitingTermination                 0x20001184   Data          20  tasks.o(.bss.xTasksWaitingTermination)
    [Anonymous Symbol]                       0x20001184   Section        0  tasks.o(.bss.xTasksWaitingTermination)
    xTickCount                               0x20001198   Data           4  tasks.o(.bss.xTickCount)
    [Anonymous Symbol]                       0x20001198   Section        0  tasks.o(.bss.xTickCount)
    xYieldPending                            0x2000119c   Data           4  tasks.o(.bss.xYieldPending)
    [Anonymous Symbol]                       0x2000119c   Section        0  tasks.o(.bss.xYieldPending)
    Heap_Mem                                 0x200011a0   Data           0  startup_tm4c123.o(HEAP)
    Stack_Mem                                0x200011a0   Data         512  startup_tm4c123.o(STACK)
    HEAP                                     0x200011a0   Section        0  startup_tm4c123.o(HEAP)
    STACK                                    0x200011a0   Section      512  startup_tm4c123.o(STACK)
    __initial_sp                             0x200013a0   Data           0  startup_tm4c123.o(STACK)

    Global Symbols

    Symbol Name                              Value     Ov Type        Size  Object(Section)

    BuildAttributes$$THM_ISAv4$E$P$D$K$B$S$7EM$VFPi3$EXTD16$VFPS$VFMA$PE$A:L22UL41UL21$X:L11$S22US41US21$IEEE1$IW$~IW$USESV6$~STKCKD$USESV7$~SHL$OSPACE$ROPI$EBA8$UX$STANDARDLIB$REQ8$PRES8$EABIv2 0x00000000   Number         0  anon$$obj.o ABSOLUTE
    __Vectors                                0x00000000   Data           4  startup_tm4c123.o(RESET)
    __ARM_exceptions_init                     - Undefined Weak Reference
    __alloca_initialize                       - Undefined Weak Reference
    __arm_preinit_                            - Undefined Weak Reference
    __arm_relocate_pie_                       - Undefined Weak Reference
    __cpp_initialize__aeabi_                  - Undefined Weak Reference
    __cxa_finalize                            - Undefined Weak Reference
    __rt_locale                               - Undefined Weak Reference
    __sigvec_lookup                           - Undefined Weak Reference
    _atexit_init                              - Undefined Weak Reference
    _call_atexit_fns                          - Undefined Weak Reference
    _clock_init                               - Undefined Weak Reference
    _fp_trap_init                             - Undefined Weak Reference
    _fp_trap_shutdown                         - Undefined Weak Reference
    _get_lc_collate                           - Undefined Weak Reference
    _get_lc_ctype                             - Undefined Weak Reference
    _get_lc_monetary                          - Undefined Weak Reference
    _get_lc_numeric                           - Undefined Weak Reference
    _get_lc_time                              - Undefined Weak Reference
    _getenv_init                              - Undefined Weak Reference
    _handle_redirection                       - Undefined Weak Reference
    _init_alloc                               - Undefined Weak Reference
    _init_user_alloc                          - Undefined Weak Reference
    _initio                                   - Undefined Weak Reference
    _rand_init                                - Undefined Weak Reference
    _signal_finish                            - Undefined Weak Reference
    _signal_init                              - Undefined Weak Reference
    _terminate_alloc                          - Undefined Weak Reference
    _terminate_user_alloc                     - Undefined Weak Reference
    _terminateio                              - Undefined Weak Reference
    __Vectors_End                            0x0000026c   Data           0  startup_tm4c123.o(RESET)
    __Vectors_Size                           0x0000026c   Number         0  startup_tm4c123.o ABSOLUTE
    __main                                   0x0000026d   Thumb Code     8  __main.o(!!!main)
    __scatterload                            0x00000275   Thumb Code     0  __scatter.o(!!!scatter)
    __scatterload_rt2                        0x00000275   Thumb Code    84  __scatter.o(!!!scatter)
    __scatterload_rt2_thumb_only             0x00000275   Thumb Code     0  __scatter.o(!!!scatter)
    __scatterload_loop                       0x0000027f   Thumb Code     0  __scatter.o(!!!scatter)
    __scatterload_copy                       0x000002d1   Thumb Code    26  __scatter_copy.o(!!handler_copy)
    __scatterload_null                       0x000002ed   Thumb Code     2  __scatter.o(!!handler_null)
    __scatterload_zeroinit                   0x000002f1   Thumb Code    28  __scatter_zi.o(!!handler_zi)
    __rt_lib_init                            0x0000030d   Thumb Code     0  libinit.o(.ARM.Collect$$libinit$$00000000)
    __rt_lib_init_fp_1                       0x0000030f   Thumb Code     0  libinit2.o(.ARM.Collect$$libinit$$00000001)
    __rt_lib_init_alloca_1                   0x00000313   Thumb Code     0  libinit2.o(.ARM.Collect$$libinit$$00000030)
    __rt_lib_init_argv_1                     0x00000313   Thumb Code     0  libinit2.o(.ARM.Collect$$libinit$$0000002E)
    __rt_lib_init_atexit_1                   0x00000313   Thumb Code     0  libinit2.o(.ARM.Collect$$libinit$$0000001D)
    __rt_lib_init_clock_1                    0x00000313   Thumb Code     0  libinit2.o(.ARM.Collect$$libinit$$00000023)
    __rt_lib_init_cpp_1                      0x00000313   Thumb Code     0  libinit2.o(.ARM.Collect$$libinit$$00000034)
    __rt_lib_init_exceptions_1               0x00000313   Thumb Code     0  libinit2.o(.ARM.Collect$$libinit$$00000032)
    __rt_lib_init_fp_trap_1                  0x00000313   Thumb Code     0  libinit2.o(.ARM.Collect$$libinit$$00000021)
    __rt_lib_init_getenv_1                   0x00000313   Thumb Code     0  libinit2.o(.ARM.Collect$$libinit$$00000025)
    __rt_lib_init_heap_1                     0x00000313   Thumb Code     0  libinit2.o(.ARM.Collect$$libinit$$0000000C)
    __rt_lib_init_lc_collate_1               0x00000313   Thumb Code     0  libinit2.o(.ARM.Collect$$libinit$$00000013)
    __rt_lib_init_lc_ctype_1                 0x00000313   Thumb Code     0  libinit2.o(.ARM.Collect$$libinit$$00000015)
    __rt_lib_init_lc_monetary_1              0x00000313   Thumb Code     0  libinit2.o(.ARM.Collect$$libinit$$00000017)
    __rt_lib_init_lc_numeric_1               0x00000313   Thumb Code     0  libinit2.o(.ARM.Collect$$libinit$$00000019)
    __rt_lib_init_lc_time_1                  0x00000313   Thumb Code     0  libinit2.o(.ARM.Collect$$libinit$$0000001B)
    __rt_lib_init_preinit_1                  0x00000313   Thumb Code     0  libinit2.o(.ARM.Collect$$libinit$$00000006)
    __rt_lib_init_rand_1                     0x00000313   Thumb Code     0  libinit2.o(.ARM.Collect$$libinit$$00000010)
    __rt_lib_init_relocate_pie_1             0x00000313   Thumb Code     0  libinit2.o(.ARM.Collect$$libinit$$00000004)
    __rt_lib_init_return                     0x00000313   Thumb Code     0  libinit2.o(.ARM.Collect$$libinit$$00000035)
    __rt_lib_init_signal_1                   0x00000313   Thumb Code     0  libinit2.o(.ARM.Collect$$libinit$$0000001F)
    __rt_lib_init_stdio_1                    0x00000313   Thumb Code     0  libinit2.o(.ARM.Collect$$libinit$$00000027)
    __rt_lib_init_user_alloc_1               0x00000313   Thumb Code     0  libinit2.o(.ARM.Collect$$libinit$$0000000E)
    __rt_lib_shutdown                        0x00000315   Thumb Code     0  libshutdown.o(.ARM.Collect$$libshutdown$$00000000)
    __rt_lib_shutdown_cpp_1                  0x00000317   Thumb Code     0  libshutdown2.o(.ARM.Collect$$libshutdown$$00000002)
    __rt_lib_shutdown_fp_trap_1              0x00000317   Thumb Code     0  libshutdown2.o(.ARM.Collect$$libshutdown$$00000007)
    __rt_lib_shutdown_heap_1                 0x00000317   Thumb Code     0  libshutdown2.o(.ARM.Collect$$libshutdown$$0000000F)
    __rt_lib_shutdown_return                 0x00000317   Thumb Code     0  libshutdown2.o(.ARM.Collect$$libshutdown$$00000010)
    __rt_lib_shutdown_signal_1               0x00000317   Thumb Code     0  libshutdown2.o(.ARM.Collect$$libshutdown$$0000000A)
    __rt_lib_shutdown_stdio_1                0x00000317   Thumb Code     0  libshutdown2.o(.ARM.Collect$$libshutdown$$00000004)
    __rt_lib_shutdown_user_alloc_1           0x00000317   Thumb Code     0  libshutdown2.o(.ARM.Collect$$libshutdown$$0000000C)
    __rt_entry                               0x00000319   Thumb Code     0  __rtentry.o(.ARM.Collect$$rtentry$$00000000)
    __rt_entry_presh_1                       0x00000319   Thumb Code     0  __rtentry2.o(.ARM.Collect$$rtentry$$00000002)
    __rt_entry_sh                            0x00000319   Thumb Code     0  __rtentry4.o(.ARM.Collect$$rtentry$$00000004)
    __rt_entry_li                            0x0000031f   Thumb Code     0  __rtentry2.o(.ARM.Collect$$rtentry$$0000000A)
    __rt_entry_postsh_1                      0x0000031f   Thumb Code     0  __rtentry2.o(.ARM.Collect$$rtentry$$00000009)
    __rt_entry_main                          0x00000323   Thumb Code     0  __rtentry2.o(.ARM.Collect$$rtentry$$0000000D)
    __rt_entry_postli_1                      0x00000323   Thumb Code     0  __rtentry2.o(.ARM.Collect$$rtentry$$0000000C)
    __rt_exit                                0x0000032b   Thumb Code     0  rtexit.o(.ARM.Collect$$rtexit$$00000000)
    __rt_exit_ls                             0x0000032d   Thumb Code     0  rtexit2.o(.ARM.Collect$$rtexit$$00000003)
    __rt_exit_prels_1                        0x0000032d   Thumb Code     0  rtexit2.o(.ARM.Collect$$rtexit$$00000002)
    __rt_exit_exit                           0x00000331   Thumb Code     0  rtexit2.o(.ARM.Collect$$rtexit$$00000004)
    Reset_Handler                            0x00000339   Thumb Code     8  startup_tm4c123.o(.text)
    NMI_Handler                              0x00000341   Thumb Code     2  startup_tm4c123.o(.text)
    HardFault_Handler                        0x00000343   Thumb Code     2  startup_tm4c123.o(.text)
    MemManage_Handler                        0x00000345   Thumb Code     2  startup_tm4c123.o(.text)
    BusFault_Handler                         0x00000347   Thumb Code     2  startup_tm4c123.o(.text)
    UsageFault_Handler                       0x00000349   Thumb Code     2  startup_tm4c123.o(.text)
    DebugMon_Handler                         0x0000034d   Thumb Code     2  startup_tm4c123.o(.text)
    GPIOA_Handler                            0x00000353   Thumb Code     2  startup_tm4c123.o(.text)
    GPIOB_Handler                            0x00000355   Thumb Code     2  startup_tm4c123.o(.text)
    GPIOC_Handler                            0x00000357   Thumb Code     2  startup_tm4c123.o(.text)
    GPIOD_Handler                            0x00000359   Thumb Code     2  startup_tm4c123.o(.text)
    GPIOE_Handler                            0x0000035b   Thumb Code     2  startup_tm4c123.o(.text)
    UART0_Handler                            0x0000035d   Thumb Code     2  startup_tm4c123.o(.text)
    UART1_Handler                            0x0000035f   Thumb Code     2  startup_tm4c123.o(.text)
    SSI0_Handler                             0x00000361   Thumb Code     2  startup_tm4c123.o(.text)
    I2C0_Handler                             0x00000363   Thumb Code     2  startup_tm4c123.o(.text)
    PMW0_FAULT_Handler                       0x00000365   Thumb Code     2  startup_tm4c123.o(.text)
    PWM0_0_Handler                           0x00000367   Thumb Code     2  startup_tm4c123.o(.text)
    PWM0_1_Handler                           0x00000369   Thumb Code     2  startup_tm4c123.o(.text)
    PWM0_2_Handler                           0x0000036b   Thumb Code     2  startup_tm4c123.o(.text)
    QEI0_Handler                             0x0000036d   Thumb Code     2  startup_tm4c123.o(.text)
    ADC0SS0_Handler                          0x0000036f   Thumb Code     2  startup_tm4c123.o(.text)
    ADC0SS1_Handler                          0x00000371   Thumb Code     2  startup_tm4c123.o(.text)
    ADC0SS2_Handler                          0x00000373   Thumb Code     2  startup_tm4c123.o(.text)
    ADC0SS3_Handler                          0x00000375   Thumb Code     2  startup_tm4c123.o(.text)
    WDT0_Handler                             0x00000377   Thumb Code     2  startup_tm4c123.o(.text)
    TIMER0A_Handler                          0x00000379   Thumb Code     2  startup_tm4c123.o(.text)
    TIMER0B_Handler                          0x0000037b   Thumb Code     2  startup_tm4c123.o(.text)
    TIMER1A_Handler                          0x0000037d   Thumb Code     2  startup_tm4c123.o(.text)
    TIMER1B_Handler                          0x0000037f   Thumb Code     2  startup_tm4c123.o(.text)
    TIMER2A_Handler                          0x00000381   Thumb Code     2  startup_tm4c123.o(.text)
    TIMER2B_Handler                          0x00000383   Thumb Code     2  startup_tm4c123.o(.text)
    COMP0_Handler                            0x00000385   Thumb Code     2  startup_tm4c123.o(.text)
    COMP1_Handler                            0x00000387   Thumb Code     2  startup_tm4c123.o(.text)
    COMP2_Handler                            0x00000389   Thumb Code     2  startup_tm4c123.o(.text)
    SYSCTL_Handler                           0x0000038b   Thumb Code     2  startup_tm4c123.o(.text)
    FLASH_Handler                            0x0000038d   Thumb Code     2  startup_tm4c123.o(.text)
    GPIOF_Handler                            0x0000038f   Thumb Code     2  startup_tm4c123.o(.text)
    GPIOG_Handler                            0x00000391   Thumb Code     2  startup_tm4c123.o(.text)
    GPIOH_Handler                            0x00000393   Thumb Code     2  startup_tm4c123.o(.text)
    UART2_Handler                            0x00000395   Thumb Code     2  startup_tm4c123.o(.text)
    SSI1_Handler                             0x00000397   Thumb Code     2  startup_tm4c123.o(.text)
    TIMER3A_Handler                          0x00000399   Thumb Code     2  startup_tm4c123.o(.text)
    TIMER3B_Handler                          0x0000039b   Thumb Code     2  startup_tm4c123.o(.text)
    I2C1_Handler                             0x0000039d   Thumb Code     2  startup_tm4c123.o(.text)
    QEI1_Handler                             0x0000039f   Thumb Code     2  startup_tm4c123.o(.text)
    CAN0_Handler                             0x000003a1   Thumb Code     2  startup_tm4c123.o(.text)
    CAN1_Handler                             0x000003a3   Thumb Code     2  startup_tm4c123.o(.text)
    CAN2_Handler                             0x000003a5   Thumb Code     2  startup_tm4c123.o(.text)
    HIB_Handler                              0x000003a7   Thumb Code     2  startup_tm4c123.o(.text)
    USB0_Handler                             0x000003a9   Thumb Code     2  startup_tm4c123.o(.text)
    PWM0_3_Handler                           0x000003ab   Thumb Code     2  startup_tm4c123.o(.text)
    UDMA_Handler                             0x000003ad   Thumb Code     2  startup_tm4c123.o(.text)
    UDMAERR_Handler                          0x000003af   Thumb Code     2  startup_tm4c123.o(.text)
    ADC1SS0_Handler                          0x000003b1   Thumb Code     2  startup_tm4c123.o(.text)
    ADC1SS1_Handler                          0x000003b3   Thumb Code     2  startup_tm4c123.o(.text)
    ADC1SS2_Handler                          0x000003b5   Thumb Code     2  startup_tm4c123.o(.text)
    ADC1SS3_Handler                          0x000003b7   Thumb Code     2  startup_tm4c123.o(.text)
    GPIOJ_Handler                            0x000003b9   Thumb Code     2  startup_tm4c123.o(.text)
    GPIOK_Handler                            0x000003bb   Thumb Code     2  startup_tm4c123.o(.text)
    GPIOL_Handler                            0x000003bd   Thumb Code     2  startup_tm4c123.o(.text)
    SSI2_Handler                             0x000003bf   Thumb Code     2  startup_tm4c123.o(.text)
    SSI3_Handler                             0x000003c1   Thumb Code     2  startup_tm4c123.o(.text)
    UART3_Handler                            0x000003c3   Thumb Code     2  startup_tm4c123.o(.text)
    UART4_Handler                            0x000003c5   Thumb Code     2  startup_tm4c123.o(.text)
    UART5_Handler                            0x000003c7   Thumb Code     2  startup_tm4c123.o(.text)
    UART6_Handler                            0x000003c9   Thumb Code     2  startup_tm4c123.o(.text)
    UART7_Handler                            0x000003cb   Thumb Code     2  startup_tm4c123.o(.text)
    I2C2_Handler                             0x000003cd   Thumb Code     2  startup_tm4c123.o(.text)
    I2C3_Handler                             0x000003cf   Thumb Code     2  startup_tm4c123.o(.text)
    TIMER4A_Handler                          0x000003d1   Thumb Code     2  startup_tm4c123.o(.text)
    TIMER4B_Handler                          0x000003d3   Thumb Code     2  startup_tm4c123.o(.text)
    TIMER5A_Handler                          0x000003d5   Thumb Code     2  startup_tm4c123.o(.text)
    TIMER5B_Handler                          0x000003d7   Thumb Code     2  startup_tm4c123.o(.text)
    WTIMER0A_Handler                         0x000003d9   Thumb Code     2  startup_tm4c123.o(.text)
    WTIMER0B_Handler                         0x000003db   Thumb Code     2  startup_tm4c123.o(.text)
    WTIMER1A_Handler                         0x000003dd   Thumb Code     2  startup_tm4c123.o(.text)
    WTIMER1B_Handler                         0x000003df   Thumb Code     2  startup_tm4c123.o(.text)
    WTIMER2A_Handler                         0x000003e1   Thumb Code     2  startup_tm4c123.o(.text)
    WTIMER2B_Handler                         0x000003e3   Thumb Code     2  startup_tm4c123.o(.text)
    WTIMER3A_Handler                         0x000003e5   Thumb Code     2  startup_tm4c123.o(.text)
    WTIMER3B_Handler                         0x000003e7   Thumb Code     2  startup_tm4c123.o(.text)
    WTIMER4A_Handler                         0x000003e9   Thumb Code     2  startup_tm4c123.o(.text)
    WTIMER4B_Handler                         0x000003eb   Thumb Code     2  startup_tm4c123.o(.text)
    WTIMER5A_Handler                         0x000003ed   Thumb Code     2  startup_tm4c123.o(.text)
    WTIMER5B_Handler                         0x000003ef   Thumb Code     2  startup_tm4c123.o(.text)
    FPU_Handler                              0x000003f1   Thumb Code     2  startup_tm4c123.o(.text)
    I2C4_Handler                             0x000003f3   Thumb Code     2  startup_tm4c123.o(.text)
    I2C5_Handler                             0x000003f5   Thumb Code     2  startup_tm4c123.o(.text)
    GPIOM_Handler                            0x000003f7   Thumb Code     2  startup_tm4c123.o(.text)
    GPION_Handler                            0x000003f9   Thumb Code     2  startup_tm4c123.o(.text)
    QEI2_Handler                             0x000003fb   Thumb Code     2  startup_tm4c123.o(.text)
    GPIOP0_Handler                           0x000003fd   Thumb Code     2  startup_tm4c123.o(.text)
    GPIOP1_Handler                           0x000003ff   Thumb Code     2  startup_tm4c123.o(.text)
    GPIOP2_Handler                           0x00000401   Thumb Code     2  startup_tm4c123.o(.text)
    GPIOP3_Handler                           0x00000403   Thumb Code     2  startup_tm4c123.o(.text)
    GPIOP4_Handler                           0x00000405   Thumb Code     2  startup_tm4c123.o(.text)
    GPIOP5_Handler                           0x00000407   Thumb Code     2  startup_tm4c123.o(.text)
    GPIOP6_Handler                           0x00000409   Thumb Code     2  startup_tm4c123.o(.text)
    GPIOP7_Handler                           0x0000040b   Thumb Code     2  startup_tm4c123.o(.text)
    GPIOQ0_Handler                           0x0000040d   Thumb Code     2  startup_tm4c123.o(.text)
    GPIOQ1_Handler                           0x0000040f   Thumb Code     2  startup_tm4c123.o(.text)
    GPIOQ2_Handler                           0x00000411   Thumb Code     2  startup_tm4c123.o(.text)
    GPIOQ3_Handler                           0x00000413   Thumb Code     2  startup_tm4c123.o(.text)
    GPIOQ4_Handler                           0x00000415   Thumb Code     2  startup_tm4c123.o(.text)
    GPIOQ5_Handler                           0x00000417   Thumb Code     2  startup_tm4c123.o(.text)
    GPIOQ6_Handler                           0x00000419   Thumb Code     2  startup_tm4c123.o(.text)
    GPIOQ7_Handler                           0x0000041b   Thumb Code     2  startup_tm4c123.o(.text)
    GPIOR_Handler                            0x0000041d   Thumb Code     2  startup_tm4c123.o(.text)
    GPIOS_Handler                            0x0000041f   Thumb Code     2  startup_tm4c123.o(.text)
    PMW1_0_Handler                           0x00000421   Thumb Code     2  startup_tm4c123.o(.text)
    PWM1_1_Handler                           0x00000423   Thumb Code     2  startup_tm4c123.o(.text)
    PWM1_2_Handler                           0x00000425   Thumb Code     2  startup_tm4c123.o(.text)
    PWM1_3_Handler                           0x00000427   Thumb Code     2  startup_tm4c123.o(.text)
    PWM1_FAULT_Handler                       0x00000429   Thumb Code     2  startup_tm4c123.o(.text)
    __user_initial_stackheap                 0x0000042d   Thumb Code     0  startup_tm4c123.o(.text)
    __aeabi_memcpy                           0x0000044d   Thumb Code     0  rt_memcpy_v6.o(.text)
    __rt_memcpy                              0x0000044d   Thumb Code   138  rt_memcpy_v6.o(.text)
    _memcpy_lastbytes                        0x000004b3   Thumb Code     0  rt_memcpy_v6.o(.text)
    __aeabi_memset4                          0x000004d7   Thumb Code    16  aeabi_memset4.o(.text)
    __aeabi_memset8                          0x000004d7   Thumb Code     0  aeabi_memset4.o(.text)
    __aeabi_memclr                           0x000004e7   Thumb Code     0  rt_memclr.o(.text)
    __rt_memclr                              0x000004e7   Thumb Code     0  rt_memclr.o(.text)
    _memset                                  0x000004eb   Thumb Code    64  rt_memclr.o(.text)
    __use_two_region_memory                  0x0000052b   Thumb Code     2  heapauxi.o(.text)
    __rt_heap_escrow$2region                 0x0000052d   Thumb Code     2  heapauxi.o(.text)
    __rt_heap_expand$2region                 0x0000052f   Thumb Code     2  heapauxi.o(.text)
    __aeabi_memcpy4                          0x00000531   Thumb Code     0  rt_memcpy_w.o(.text)
    __aeabi_memcpy8                          0x00000531   Thumb Code     0  rt_memcpy_w.o(.text)
    __rt_memcpy_w                            0x00000531   Thumb Code   100  rt_memcpy_w.o(.text)
    _memcpy_lastbytes_aligned                0x00000579   Thumb Code     0  rt_memcpy_w.o(.text)
    __aeabi_memclr4                          0x00000595   Thumb Code     0  rt_memclr_w.o(.text)
    __aeabi_memclr8                          0x00000595   Thumb Code     0  rt_memclr_w.o(.text)
    __rt_memclr_w                            0x00000595   Thumb Code     0  rt_memclr_w.o(.text)
    _memset_w                                0x00000599   Thumb Code    74  rt_memclr_w.o(.text)
    __user_setup_stackheap                   0x000005e3   Thumb Code    74  sys_stackheap_outer.o(.text)
    exit                                     0x0000062d   Thumb Code    18  exit.o(.text)
    __user_libspace                          0x00000641   Thumb Code     8  libspace.o(.text)
    __user_perproc_libspace                  0x00000641   Thumb Code     0  libspace.o(.text)
    __user_perthread_libspace                0x00000641   Thumb Code     0  libspace.o(.text)
    _sys_exit                                0x00000649   Thumb Code     8  sys_exit.o(.text)
    __I$use$semihosting                      0x00000655   Thumb Code     0  use_no_semi.o(.text)
    __use_no_semihosting_swi                 0x00000655   Thumb Code     2  use_no_semi.o(.text)
    __semihosting_library_function           0x00000657   Thumb Code     0  indicate_semi.o(.text)
    DIO_Init                                 0x00000659   Thumb Code   786  dio.o(.text.DIO_Init)
    DIO_WritePin                             0x0000096d   Thumb Code   432  dio.o(.text.DIO_WritePin)
    DIO_WritePort                            0x00000b1d   Thumb Code   116  dio.o(.text.DIO_WritePort)
    InitTask                                 0x00000b91   Thumb Code    94  main.o(.text.InitTask)
    PendSV_Handler                           0x00000bf1   Thumb Code   100  port.o(.text.PendSV_Handler)
    SVC_Handler                              0x00000c61   Thumb Code    36  port.o(.text.SVC_Handler)
    SysTick_Handler                          0x00000c85   Thumb Code    60  port.o(.text.SysTick_Handler)
    SystemInit                               0x00000cc1   Thumb Code    18  system_tm4c123.o(.text.SystemInit)
    driverControl                            0x00000cd5   Thumb Code   172  main.o(.text.driverControl)
    eTaskConfirmSleepModeStatus              0x00000d81   Thumb Code   128  tasks.o(.text.eTaskConfirmSleepModeStatus)
    main                                     0x00000e01   Thumb Code   248  main.o(.text.main)
    mainController                           0x00000ef9   Thumb Code   274  main.o(.text.mainController)
    motorDOWN                                0x0000100d   Thumb Code    30  motor.o(.text.motorDOWN)
    motorInit                                0x0000102d   Thumb Code    32  motor.o(.text.motorInit)
    motorOFF                                 0x0000104d   Thumb Code    12  motor.o(.text.motorOFF)
    motorUP                                  0x00001059   Thumb Code    30  motor.o(.text.motorUP)
    passengerControl                         0x00001079   Thumb Code   162  main.o(.text.passengerControl)
    pvPortMalloc                             0x00001b1d   Thumb Code   192  heap_1.o(.text.pvPortMalloc)
    pvTaskIncrementMutexHeldCount            0x00001bdd   Thumb Code    44  tasks.o(.text.pvTaskIncrementMutexHeldCount)
    pxPortInitialiseStack                    0x00001c09   Thumb Code    94  port.o(.text.pxPortInitialiseStack)
    uxListRemove                             0x00001c69   Thumb Code    72  list.o(.text.uxListRemove)
    uxTaskGetNumberOfTasks                   0x00001cb1   Thumb Code    12  tasks.o(.text.uxTaskGetNumberOfTasks)
    vListInitialise                          0x00001cbd   Thumb Code    46  list.o(.text.vListInitialise)
    vListInitialiseItem                      0x00001ced   Thumb Code    14  list.o(.text.vListInitialiseItem)
    vListInsert                              0x00001cfd   Thumb Code   106  list.o(.text.vListInsert)
    vPortEnterCritical                       0x00001d7d   Thumb Code    86  port.o(.text.vPortEnterCritical)
    vPortExitCritical                        0x00001dd5   Thumb Code    74  port.o(.text.vPortExitCritical)
    vPortFree                                0x00001e21   Thumb Code    36  heap_1.o(.text.vPortFree)
    vPortSetupTimerInterrupt                 0x00001e45   Thumb Code   120  port.o(.text.vPortSetupTimerInterrupt)
    vPortSuppressTicksAndSleep               0x00001ebd   Thumb Code   544  port.o(.text.vPortSuppressTicksAndSleep)
    vTaskInternalSetTimeOutState             0x000020dd   Thumb Code    36  tasks.o(.text.vTaskInternalSetTimeOutState)
    vTaskMissedYield                         0x00002101   Thumb Code    14  tasks.o(.text.vTaskMissedYield)
    vTaskPlaceOnEventList                    0x00002111   Thumb Code    66  tasks.o(.text.vTaskPlaceOnEventList)
    vTaskPriorityDisinheritAfterTimeout      0x00002155   Thumb Code   386  tasks.o(.text.vTaskPriorityDisinheritAfterTimeout)
    vTaskStartScheduler                      0x000022d9   Thumb Code   160  tasks.o(.text.vTaskStartScheduler)
    vTaskStepTick                            0x00002379   Thumb Code   204  tasks.o(.text.vTaskStepTick)
    vTaskSuspendAll                          0x00002445   Thumb Code    16  tasks.o(.text.vTaskSuspendAll)
    vTaskSwitchContext                       0x00002455   Thumb Code   190  tasks.o(.text.vTaskSwitchContext)
    vToggle_Blue                             0x00002515   Thumb Code    18  main.o(.text.vToggle_Blue)
    vToggle_Red                              0x00002529   Thumb Code    18  main.o(.text.vToggle_Red)
    vTurn_OFF                                0x0000253d   Thumb Code    18  main.o(.text.vTurn_OFF)
    xPortStartScheduler                      0x00002551   Thumb Code   342  port.o(.text.xPortStartScheduler)
    xQueueGenericCreate                      0x000026a9   Thumb Code   154  queue.o(.text.xQueueGenericCreate)
    xQueueGenericReset                       0x00002745   Thumb Code   264  queue.o(.text.xQueueGenericReset)
    xQueueGenericSend                        0x0000284d   Thumb Code   628  queue.o(.text.xQueueGenericSend)
    xQueueReceive                            0x00002ac1   Thumb Code   476  queue.o(.text.xQueueReceive)
    xQueueSemaphoreTake                      0x00002c9d   Thumb Code   528  queue.o(.text.xQueueSemaphoreTake)
    xTaskCheckForTimeOut                     0x00002ead   Thumb Code   252  tasks.o(.text.xTaskCheckForTimeOut)
    xTaskCreate                              0x00002fa9   Thumb Code   160  tasks.o(.text.xTaskCreate)
    xTaskGetSchedulerState                   0x00003049   Thumb Code    56  tasks.o(.text.xTaskGetSchedulerState)
    xTaskIncrementTick                       0x00003081   Thumb Code   608  tasks.o(.text.xTaskIncrementTick)
    xTaskPriorityDisinherit                  0x000032e1   Thumb Code   312  tasks.o(.text.xTaskPriorityDisinherit)
    xTaskPriorityInherit                     0x00003419   Thumb Code   348  tasks.o(.text.xTaskPriorityInherit)
    xTaskRemoveFromEventList                 0x00003575   Thumb Code   402  tasks.o(.text.xTaskRemoveFromEventList)
    xTaskResumeAll                           0x00003709   Thumb Code   546  tasks.o(.text.xTaskResumeAll)
    _fp_init                                 0x0000392b   Thumb Code    26  fpinit.o(x$fpl$fpinit)
    __fplib_config_fpu_vfp                   0x00003943   Thumb Code     0  fpinit.o(x$fpl$fpinit)
    __fplib_config_pureend_doubles           0x00003943   Thumb Code     0  fpinit.o(x$fpl$fpinit)
    uxTopUsedPriority                        0x00003978   Data           4  tasks.o(.rodata.uxTopUsedPriority)
    Region$$Table$$Base                      0x0000397c   Number         0  anon$$obj.o(Region$$Table)
    Region$$Table$$Limit                     0x0000399c   Number         0  anon$$obj.o(Region$$Table)
    SystemCoreClock                          0x20000000   Data           4  system_tm4c123.o(.data.SystemCoreClock)
    __libspace_start                         0x20000008   Data          96  libspace.o(.bss)
    __temporary_stack_top$libspace           0x20000068   Data           0  libspace.o(.bss)
    driverControllerHandler                  0x20000068   Data           4  main.o(.bss.driverControllerHandler)
    mainControllerHandler                    0x2000006c   Data           4  main.o(.bss.mainControllerHandler)
    passengerControllerHandler               0x20000070   Data           4  main.o(.bss.passengerControllerHandler)
    pxCurrentTCB                             0x20000078   Data           4  tasks.o(.bss.pxCurrentTCB)
    xBinarySemaphore_Driver                  0x2000110c   Data           4  main.o(.bss.xBinarySemaphore_Driver)
    xBinarySemaphore_Passenger               0x20001110   Data           4  main.o(.bss.xBinarySemaphore_Passenger)
    xQueue_MainController                    0x20001168   Data           4  main.o(.bss.xQueue_MainController)



==============================================================================

Memory Map of the image

  Image Entry point : 0x00000339

  Load Region LR_1 (Base: 0x00000000, Size: 0x000039a4, Max: 0xffffffff, ABSOLUTE)

    Execution Region ER_RO (Exec base: 0x00000000, Load base: 0x00000000, Size: 0x0000399c, Max: 0xffffffff, ABSOLUTE)

    Exec Addr    Load Addr    Size         Type   Attr      Idx    E Section Name        Object

    0x00000000   0x00000000   0x0000026c   Data   RO          126    RESET               startup_tm4c123.o
    0x0000026c   0x0000026c   0x00000008   Code   RO          487  * !!!main             c_w.l(__main.o)
    0x00000274   0x00000274   0x0000005c   Code   RO          671    !!!scatter          c_w.l(__scatter.o)
    0x000002d0   0x000002d0   0x0000001a   Code   RO          675    !!handler_copy      c_w.l(__scatter_copy.o)
    0x000002ea   0x000002ea   0x00000002   PAD
    0x000002ec   0x000002ec   0x00000002   Code   RO          672    !!handler_null      c_w.l(__scatter.o)
    0x000002ee   0x000002ee   0x00000002   PAD
    0x000002f0   0x000002f0   0x0000001c   Code   RO          677    !!handler_zi        c_w.l(__scatter_zi.o)
    0x0000030c   0x0000030c   0x00000002   Code   RO          533    .ARM.Collect$$libinit$$00000000  c_w.l(libinit.o)
    0x0000030e   0x0000030e   0x00000004   Code   RO          539    .ARM.Collect$$libinit$$00000001  c_w.l(libinit2.o)
    0x00000312   0x00000312   0x00000000   Code   RO          542    .ARM.Collect$$libinit$$00000004  c_w.l(libinit2.o)
    0x00000312   0x00000312   0x00000000   Code   RO          544    .ARM.Collect$$libinit$$00000006  c_w.l(libinit2.o)
    0x00000312   0x00000312   0x00000000   Code   RO          547    .ARM.Collect$$libinit$$0000000C  c_w.l(libinit2.o)
    0x00000312   0x00000312   0x00000000   Code   RO          549    .ARM.Collect$$libinit$$0000000E  c_w.l(libinit2.o)
    0x00000312   0x00000312   0x00000000   Code   RO          551    .ARM.Collect$$libinit$$00000010  c_w.l(libinit2.o)
    0x00000312   0x00000312   0x00000000   Code   RO          554    .ARM.Collect$$libinit$$00000013  c_w.l(libinit2.o)
    0x00000312   0x00000312   0x00000000   Code   RO          556    .ARM.Collect$$libinit$$00000015  c_w.l(libinit2.o)
    0x00000312   0x00000312   0x00000000   Code   RO          558    .ARM.Collect$$libinit$$00000017  c_w.l(libinit2.o)
    0x00000312   0x00000312   0x00000000   Code   RO          560    .ARM.Collect$$libinit$$00000019  c_w.l(libinit2.o)
    0x00000312   0x00000312   0x00000000   Code   RO          562    .ARM.Collect$$libinit$$0000001B  c_w.l(libinit2.o)
    0x00000312   0x00000312   0x00000000   Code   RO          564    .ARM.Collect$$libinit$$0000001D  c_w.l(libinit2.o)
    0x00000312   0x00000312   0x00000000   Code   RO          566    .ARM.Collect$$libinit$$0000001F  c_w.l(libinit2.o)
    0x00000312   0x00000312   0x00000000   Code   RO          568    .ARM.Collect$$libinit$$00000021  c_w.l(libinit2.o)
    0x00000312   0x00000312   0x00000000   Code   RO          570    .ARM.Collect$$libinit$$00000023  c_w.l(libinit2.o)
    0x00000312   0x00000312   0x00000000   Code   RO          572    .ARM.Collect$$libinit$$00000025  c_w.l(libinit2.o)
    0x00000312   0x00000312   0x00000000   Code   RO          574    .ARM.Collect$$libinit$$00000027  c_w.l(libinit2.o)
    0x00000312   0x00000312   0x00000000   Code   RO          578    .ARM.Collect$$libinit$$0000002E  c_w.l(libinit2.o)
    0x00000312   0x00000312   0x00000000   Code   RO          580    .ARM.Collect$$libinit$$00000030  c_w.l(libinit2.o)
    0x00000312   0x00000312   0x00000000   Code   RO          582    .ARM.Collect$$libinit$$00000032  c_w.l(libinit2.o)
    0x00000312   0x00000312   0x00000000   Code   RO          584    .ARM.Collect$$libinit$$00000034  c_w.l(libinit2.o)
    0x00000312   0x00000312   0x00000002   Code   RO          585    .ARM.Collect$$libinit$$00000035  c_w.l(libinit2.o)
    0x00000314   0x00000314   0x00000002   Code   RO          607    .ARM.Collect$$libshutdown$$00000000  c_w.l(libshutdown.o)
    0x00000316   0x00000316   0x00000000   Code   RO          622    .ARM.Collect$$libshutdown$$00000002  c_w.l(libshutdown2.o)
    0x00000316   0x00000316   0x00000000   Code   RO          624    .ARM.Collect$$libshutdown$$00000004  c_w.l(libshutdown2.o)
    0x00000316   0x00000316   0x00000000   Code   RO          627    .ARM.Collect$$libshutdown$$00000007  c_w.l(libshutdown2.o)
    0x00000316   0x00000316   0x00000000   Code   RO          630    .ARM.Collect$$libshutdown$$0000000A  c_w.l(libshutdown2.o)
    0x00000316   0x00000316   0x00000000   Code   RO          632    .ARM.Collect$$libshutdown$$0000000C  c_w.l(libshutdown2.o)
    0x00000316   0x00000316   0x00000000   Code   RO          635    .ARM.Collect$$libshutdown$$0000000F  c_w.l(libshutdown2.o)
    0x00000316   0x00000316   0x00000002   Code   RO          636    .ARM.Collect$$libshutdown$$00000010  c_w.l(libshutdown2.o)
    0x00000318   0x00000318   0x00000000   Code   RO          497    .ARM.Collect$$rtentry$$00000000  c_w.l(__rtentry.o)
    0x00000318   0x00000318   0x00000000   Code   RO          510    .ARM.Collect$$rtentry$$00000002  c_w.l(__rtentry2.o)
    0x00000318   0x00000318   0x00000006   Code   RO          522    .ARM.Collect$$rtentry$$00000004  c_w.l(__rtentry4.o)
    0x0000031e   0x0000031e   0x00000000   Code   RO          512    .ARM.Collect$$rtentry$$00000009  c_w.l(__rtentry2.o)
    0x0000031e   0x0000031e   0x00000004   Code   RO          513    .ARM.Collect$$rtentry$$0000000A  c_w.l(__rtentry2.o)
    0x00000322   0x00000322   0x00000000   Code   RO          515    .ARM.Collect$$rtentry$$0000000C  c_w.l(__rtentry2.o)
    0x00000322   0x00000322   0x00000008   Code   RO          516    .ARM.Collect$$rtentry$$0000000D  c_w.l(__rtentry2.o)
    0x0000032a   0x0000032a   0x00000002   Code   RO          537    .ARM.Collect$$rtexit$$00000000  c_w.l(rtexit.o)
    0x0000032c   0x0000032c   0x00000000   Code   RO          587    .ARM.Collect$$rtexit$$00000002  c_w.l(rtexit2.o)
    0x0000032c   0x0000032c   0x00000004   Code   RO          588    .ARM.Collect$$rtexit$$00000003  c_w.l(rtexit2.o)
    0x00000330   0x00000330   0x00000006   Code   RO          589    .ARM.Collect$$rtexit$$00000004  c_w.l(rtexit2.o)
    0x00000336   0x00000336   0x00000002   PAD
    0x00000338   0x00000338   0x00000114   Code   RO          127  * .text               startup_tm4c123.o
    0x0000044c   0x0000044c   0x0000008a   Code   RO          479    .text               c_w.l(rt_memcpy_v6.o)
    0x000004d6   0x000004d6   0x00000010   Code   RO          481    .text               c_w.l(aeabi_memset4.o)
    0x000004e6   0x000004e6   0x00000044   Code   RO          483    .text               c_w.l(rt_memclr.o)
    0x0000052a   0x0000052a   0x00000006   Code   RO          485    .text               c_w.l(heapauxi.o)
    0x00000530   0x00000530   0x00000064   Code   RO          498    .text               c_w.l(rt_memcpy_w.o)
    0x00000594   0x00000594   0x0000004e   Code   RO          500    .text               c_w.l(rt_memclr_w.o)
    0x000005e2   0x000005e2   0x0000004a   Code   RO          524    .text               c_w.l(sys_stackheap_outer.o)
    0x0000062c   0x0000062c   0x00000012   Code   RO          526    .text               c_w.l(exit.o)
    0x0000063e   0x0000063e   0x00000002   PAD
    0x00000640   0x00000640   0x00000008   Code   RO          534    .text               c_w.l(libspace.o)
    0x00000648   0x00000648   0x0000000c   Code   RO          597    .text               c_w.l(sys_exit.o)
    0x00000654   0x00000654   0x00000002   Code   RO          612    .text               c_w.l(use_no_semi.o)
    0x00000656   0x00000656   0x00000000   Code   RO          614    .text               c_w.l(indicate_semi.o)
    0x00000656   0x00000656   0x00000002   PAD
    0x00000658   0x00000658   0x00000312   Code   RO           91    .text.DIO_Init      dio.o
    0x0000096a   0x0000096a   0x00000002   PAD
    0x0000096c   0x0000096c   0x000001b0   Code   RO           95    .text.DIO_WritePin  dio.o
    0x00000b1c   0x00000b1c   0x00000074   Code   RO           93    .text.DIO_WritePort  dio.o
    0x00000b90   0x00000b90   0x0000005e   Code   RO           12    .text.InitTask      main.o
    0x00000bee   0x00000bee   0x00000002   PAD
    0x00000bf0   0x00000bf0   0x00000064   Code   RO          186    .text.PendSV_Handler  port.o
    0x00000c54   0x00000c54   0x0000000c   PAD
    0x00000c60   0x00000c60   0x00000024   Code   RO          170    .text.SVC_Handler   port.o
    0x00000c84   0x00000c84   0x0000003c   Code   RO          188    .text.SysTick_Handler  port.o
    0x00000cc0   0x00000cc0   0x00000012   Code   RO          138    .text.SystemInit    system_tm4c123.o
    0x00000cd2   0x00000cd2   0x00000002   PAD
    0x00000cd4   0x00000cd4   0x000000ac   Code   RO           14    .text.driverControl  main.o
    0x00000d80   0x00000d80   0x00000080   Code   RO          402    .text.eTaskConfirmSleepModeStatus  tasks.o
    0x00000e00   0x00000e00   0x000000f8   Code   RO           10    .text.main          main.o
    0x00000ef8   0x00000ef8   0x00000112   Code   RO           16    .text.mainController  main.o
    0x0000100a   0x0000100a   0x00000002   PAD
    0x0000100c   0x0000100c   0x0000001e   Code   RO          114    .text.motorDOWN     motor.o
    0x0000102a   0x0000102a   0x00000002   PAD
    0x0000102c   0x0000102c   0x00000020   Code   RO          110    .text.motorInit     motor.o
    0x0000104c   0x0000104c   0x0000000c   Code   RO          116    .text.motorOFF      motor.o
    0x00001058   0x00001058   0x0000001e   Code   RO          112    .text.motorUP       motor.o
    0x00001076   0x00001076   0x00000002   PAD
    0x00001078   0x00001078   0x000000a2   Code   RO           18    .text.passengerControl  main.o
    0x0000111a   0x0000111a   0x00000002   PAD
    0x0000111c   0x0000111c   0x00000122   Code   RO          326    .text.prvAddCurrentTaskToDelayedList  tasks.o
    0x0000123e   0x0000123e   0x00000002   PAD
    0x00001240   0x00001240   0x00000154   Code   RO          314    .text.prvAddNewTaskToReadyList  tasks.o
    0x00001394   0x00001394   0x0000005a   Code   RO          442    .text.prvCheckTasksWaitingTermination  tasks.o
    0x000013ee   0x000013ee   0x00000002   PAD
    0x000013f0   0x000013f0   0x00000042   Code   RO          263    .text.prvCopyDataFromQueue  queue.o
    0x00001432   0x00001432   0x00000002   PAD
    0x00001434   0x00001434   0x000000cc   Code   RO          249    .text.prvCopyDataToQueue  queue.o
    0x00001500   0x00001500   0x00000018   Code   RO          320    .text.prvDeleteTCB  tasks.o
    0x00001518   0x00001518   0x00000026   Code   RO          267    .text.prvGetDisinheritPriorityAfterTimeout  queue.o
    0x0000153e   0x0000153e   0x00000002   PAD
    0x00001540   0x00001540   0x0000007c   Code   RO          444    .text.prvGetExpectedIdleTime  tasks.o
    0x000015bc   0x000015bc   0x0000009a   Code   RO          352    .text.prvIdleTask   tasks.o
    0x00001656   0x00001656   0x00000002   PAD
    0x00001658   0x00001658   0x0000004e   Code   RO          229    .text.prvInitialiseNewQueue  queue.o
    0x000016a6   0x000016a6   0x00000002   PAD
    0x000016a8   0x000016a8   0x00000124   Code   RO          312    .text.prvInitialiseNewTask  tasks.o
    0x000017cc   0x000017cc   0x0000008e   Code   RO          440    .text.prvInitialiseTaskLists  tasks.o
    0x0000185a   0x0000185a   0x00000002   PAD
    0x0000185c   0x0000185c   0x00000028   Code   RO          265    .text.prvIsQueueEmpty  queue.o
    0x00001884   0x00001884   0x0000002e   Code   RO          253    .text.prvIsQueueFull  queue.o
    0x000018b2   0x000018b2   0x00000002   PAD
    0x000018b4   0x000018b4   0x000000ec   Code   RO          251    .text.prvNotifyQueueSetContainer  queue.o
    0x000019a0   0x000019a0   0x00000028   Code   RO          178    .text.prvPortStartFirstTask  port.o
    0x000019c8   0x000019c8   0x0000003c   Code   RO          318    .text.prvResetNextTaskUnblockTime  tasks.o
    0x00001a04   0x00001a04   0x0000004c   Code   RO          168    .text.prvTaskExitError  port.o
    0x00001a50   0x00001a50   0x000000cc   Code   RO          255    .text.prvUnlockQueue  queue.o
    0x00001b1c   0x00001b1c   0x000000c0   Code   RO          207    .text.pvPortMalloc  heap_1.o
    0x00001bdc   0x00001bdc   0x0000002c   Code   RO          424    .text.pvTaskIncrementMutexHeldCount  tasks.o
    0x00001c08   0x00001c08   0x0000005e   Code   RO          166    .text.pxPortInitialiseStack  port.o
    0x00001c66   0x00001c66   0x00000002   PAD
    0x00001c68   0x00001c68   0x00000048   Code   RO          157    .text.uxListRemove  list.o
    0x00001cb0   0x00001cb0   0x0000000c   Code   RO          362    .text.uxTaskGetNumberOfTasks  tasks.o
    0x00001cbc   0x00001cbc   0x0000002e   Code   RO          149    .text.vListInitialise  list.o
    0x00001cea   0x00001cea   0x00000002   PAD
    0x00001cec   0x00001cec   0x0000000e   Code   RO          151    .text.vListInitialiseItem  list.o
    0x00001cfa   0x00001cfa   0x00000002   PAD
    0x00001cfc   0x00001cfc   0x0000006a   Code   RO          155    .text.vListInsert   list.o
    0x00001d66   0x00001d66   0x00000002   PAD
    0x00001d68   0x00001d68   0x00000014   Code   RO          176    .text.vPortEnableVFP  port.o
    0x00001d7c   0x00001d7c   0x00000056   Code   RO          182    .text.vPortEnterCritical  port.o
    0x00001dd2   0x00001dd2   0x00000002   PAD
    0x00001dd4   0x00001dd4   0x0000004a   Code   RO          184    .text.vPortExitCritical  port.o
    0x00001e1e   0x00001e1e   0x00000002   PAD
    0x00001e20   0x00001e20   0x00000024   Code   RO          209    .text.vPortFree     heap_1.o
    0x00001e44   0x00001e44   0x00000078   Code   RO          174    .text.vPortSetupTimerInterrupt  port.o
    0x00001ebc   0x00001ebc   0x00000220   Code   RO          190    .text.vPortSuppressTicksAndSleep  port.o
    0x000020dc   0x000020dc   0x00000024   Code   RO          392    .text.vTaskInternalSetTimeOutState  tasks.o
    0x00002100   0x00002100   0x0000000e   Code   RO          396    .text.vTaskMissedYield  tasks.o
    0x0000210e   0x0000210e   0x00000002   PAD
    0x00002110   0x00002110   0x00000042   Code   RO          382    .text.vTaskPlaceOnEventList  tasks.o
    0x00002152   0x00002152   0x00000002   PAD
    0x00002154   0x00002154   0x00000182   Code   RO          420    .text.vTaskPriorityDisinheritAfterTimeout  tasks.o
    0x000022d6   0x000022d6   0x00000002   PAD
    0x000022d8   0x000022d8   0x000000a0   Code   RO          350    .text.vTaskStartScheduler  tasks.o
    0x00002378   0x00002378   0x000000cc   Code   RO          376    .text.vTaskStepTick  tasks.o
    0x00002444   0x00002444   0x00000010   Code   RO          324    .text.vTaskSuspendAll  tasks.o
    0x00002454   0x00002454   0x000000be   Code   RO          342    .text.vTaskSwitchContext  tasks.o
    0x00002512   0x00002512   0x00000002   PAD
    0x00002514   0x00002514   0x00000012   Code   RO            2    .text.vToggle_Blue  main.o
    0x00002526   0x00002526   0x00000002   PAD
    0x00002528   0x00002528   0x00000012   Code   RO            4    .text.vToggle_Red   main.o
    0x0000253a   0x0000253a   0x00000002   PAD
    0x0000253c   0x0000253c   0x00000012   Code   RO            6    .text.vTurn_OFF     main.o
    0x0000254e   0x0000254e   0x00000002   PAD
    0x00002550   0x00002550   0x00000156   Code   RO          172    .text.xPortStartScheduler  port.o
    0x000026a6   0x000026a6   0x00000002   PAD
    0x000026a8   0x000026a8   0x0000009a   Code   RO          227    .text.xQueueGenericCreate  queue.o
    0x00002742   0x00002742   0x00000002   PAD
    0x00002744   0x00002744   0x00000108   Code   RO          225    .text.xQueueGenericReset  queue.o
    0x0000284c   0x0000284c   0x00000274   Code   RO          241    .text.xQueueGenericSend  queue.o
    0x00002ac0   0x00002ac0   0x000001dc   Code   RO          261    .text.xQueueReceive  queue.o
    0x00002c9c   0x00002c9c   0x00000210   Code   RO          245    .text.xQueueSemaphoreTake  queue.o
    0x00002eac   0x00002eac   0x000000fc   Code   RO          394    .text.xTaskCheckForTimeOut  tasks.o
    0x00002fa8   0x00002fa8   0x000000a0   Code   RO          310    .text.xTaskCreate   tasks.o
    0x00003048   0x00003048   0x00000038   Code   RO          414    .text.xTaskGetSchedulerState  tasks.o
    0x00003080   0x00003080   0x00000260   Code   RO          356    .text.xTaskIncrementTick  tasks.o
    0x000032e0   0x000032e0   0x00000138   Code   RO          418    .text.xTaskPriorityDisinherit  tasks.o
    0x00003418   0x00003418   0x0000015c   Code   RO          416    .text.xTaskPriorityInherit  tasks.o
    0x00003574   0x00003574   0x00000192   Code   RO          386    .text.xTaskRemoveFromEventList  tasks.o
    0x00003706   0x00003706   0x00000002   PAD
    0x00003708   0x00003708   0x00000222   Code   RO          328    .text.xTaskResumeAll  tasks.o
    0x0000392a   0x0000392a   0x0000001a   Code   RO          595    x$fpl$fpinit        fz_wm.l(fpinit.o)
    0x00003944   0x00003944   0x0000002e   Data   RO           23    .rodata.str1.1      main.o
    0x00003972   0x00003972   0x00000005   Data   RO          462    .rodata.str1.1      tasks.o
    0x00003977   0x00003977   0x00000001   PAD
    0x00003978   0x00003978   0x00000004   Data   RO          447    .rodata.uxTopUsedPriority  tasks.o
    0x0000397c   0x0000397c   0x00000020   Data   RO          670    Region$$Table       anon$$obj.o


    Execution Region ER_RW (Exec base: 0x20000000, Load base: 0x0000399c, Size: 0x00000008, Max: 0xffffffff, ABSOLUTE)

    Exec Addr    Load Addr    Size         Type   Attr      Idx    E Section Name        Object

    0x20000000   0x0000399c   0x00000004   Data   RW          140    .data.SystemCoreClock  system_tm4c123.o
    0x20000004   0x000039a0   0x00000004   Data   RW          196    .data.uxCriticalNesting  port.o


    Execution Region ER_ZI (Exec base: 0x20000008, Load base: 0x000039a4, Size: 0x00001398, Max: 0xffffffff, ABSOLUTE)

    Exec Addr    Load Addr    Size         Type   Attr      Idx    E Section Name        Object

    0x20000008        -       0x00000060   Zero   RW          535    .bss                c_w.l(libspace.o)
    0x20000068        -       0x00000004   Zero   RW           24    .bss.driverControllerHandler  main.o
    0x2000006c        -       0x00000004   Zero   RW           25    .bss.mainControllerHandler  main.o
    0x20000070        -       0x00000004   Zero   RW           26    .bss.passengerControllerHandler  main.o
    0x20000074        -       0x00000004   Zero   RW          215    .bss.pvPortMalloc.pucAlignedHeap  heap_1.o
    0x20000078        -       0x00000004   Zero   RW          446    .bss.pxCurrentTCB   tasks.o
    0x2000007c        -       0x00000004   Zero   RW          457    .bss.pxDelayedTaskList  tasks.o
    0x20000080        -       0x00000004   Zero   RW          458    .bss.pxOverflowDelayedTaskList  tasks.o
    0x20000084        -       0x00000064   Zero   RW          448    .bss.pxReadyTasksLists  tasks.o
    0x200000e8        -       0x00001000   Zero   RW          216    .bss.ucHeap         heap_1.o
    0x200010e8        -       0x00000001   Zero   RW          194    .bss.ucMaxSysCallPriority  port.o
    0x200010e9   0x000039a4   0x00000003   PAD
    0x200010ec        -       0x00000004   Zero   RW          195    .bss.ulMaxPRIGROUPValue  port.o
    0x200010f0        -       0x00000004   Zero   RW          199    .bss.ulStoppedTimerCompensation  port.o
    0x200010f4        -       0x00000004   Zero   RW          198    .bss.ulTimerCountsForOneTick  port.o
    0x200010f8        -       0x00000004   Zero   RW          453    .bss.uxCurrentNumberOfTasks  tasks.o
    0x200010fc        -       0x00000004   Zero   RW          452    .bss.uxDeletedTasksWaitingCleanUp  tasks.o
    0x20001100        -       0x00000004   Zero   RW          455    .bss.uxSchedulerSuspended  tasks.o
    0x20001104        -       0x00000004   Zero   RW          450    .bss.uxTaskNumber   tasks.o
    0x20001108        -       0x00000004   Zero   RW          449    .bss.uxTopReadyPriority  tasks.o
    0x2000110c        -       0x00000004   Zero   RW           20    .bss.xBinarySemaphore_Driver  main.o
    0x20001110        -       0x00000004   Zero   RW           21    .bss.xBinarySemaphore_Passenger  main.o
    0x20001114        -       0x00000014   Zero   RW          467    .bss.xDelayedTaskList1  tasks.o
    0x20001128        -       0x00000014   Zero   RW          468    .bss.xDelayedTaskList2  tasks.o
    0x2000113c        -       0x00000004   Zero   RW          463    .bss.xIdleTaskHandle  tasks.o
    0x20001140        -       0x00000004   Zero   RW          197    .bss.xMaximumPossibleSuppressedTicks  port.o
    0x20001144        -       0x00000004   Zero   RW          217    .bss.xNextFreeByte  heap_1.o
    0x20001148        -       0x00000004   Zero   RW          464    .bss.xNextTaskUnblockTime  tasks.o
    0x2000114c        -       0x00000004   Zero   RW          466    .bss.xNumOfOverflows  tasks.o
    0x20001150        -       0x00000004   Zero   RW          465    .bss.xPendedTicks   tasks.o
    0x20001154        -       0x00000014   Zero   RW          461    .bss.xPendingReadyList  tasks.o
    0x20001168        -       0x00000004   Zero   RW           22    .bss.xQueue_MainController  main.o
    0x2000116c        -       0x00000004   Zero   RW          454    .bss.xSchedulerRunning  tasks.o
    0x20001170        -       0x00000014   Zero   RW          459    .bss.xSuspendedTaskList  tasks.o
    0x20001184        -       0x00000014   Zero   RW          451    .bss.xTasksWaitingTermination  tasks.o
    0x20001198        -       0x00000004   Zero   RW          456    .bss.xTickCount     tasks.o
    0x2000119c        -       0x00000004   Zero   RW          460    .bss.xYieldPending  tasks.o
    0x200011a0        -       0x00000000   Zero   RW          125    HEAP                startup_tm4c123.o
    0x200011a0        -       0x00000200   Zero   RW          124    STACK               startup_tm4c123.o


==============================================================================

Image component sizes


      Code (inc. data)   RO Data    RW Data    ZI Data      Debug   Object Name

      1334         24          0          0          0       2177   dio.o
       228          0          0          0       4104       1727   heap_1.o
       238          0          0          0          0       2315   list.o
      1004          0         46          0         24       2795   main.o
       104          0          0          0          0        609   motor.o
      1592         16          0          4         17       4934   port.o
      2962          0          0          0          0      16724   queue.o
       276         24        620          0        512       5476   startup_tm4c123.o
        18          0          0          4          0       6661   system_tm4c123.o
      5456          0          9          0        260      27010   tasks.o

    ----------------------------------------------------------------------
     13286         76        708          8       4920      70428   Object Totals
         0          0         32          0          0          0   (incl. Generated)
        74         12          1          0          3          0   (incl. Padding)

    ----------------------------------------------------------------------

      Code (inc. data)   RO Data    RW Data    ZI Data      Debug   Library Member Name

         8          0          0          0          0         68   __main.o
         0          0          0          0          0          0   __rtentry.o
        12          0          0          0          0          0   __rtentry2.o
         6          0          0          0          0          0   __rtentry4.o
        94          8          0          0          0          0   __scatter.o
        26          0          0          0          0          0   __scatter_copy.o
        28          0          0          0          0          0   __scatter_zi.o
        16          0          0          0          0         68   aeabi_memset4.o
        18          0          0          0          0         80   exit.o
         6          0          0          0          0        152   heapauxi.o
         0          0          0          0          0          0   indicate_semi.o
         2          0          0          0          0          0   libinit.o
         6          0          0          0          0          0   libinit2.o
         2          0          0          0          0          0   libshutdown.o
         2          0          0          0          0          0   libshutdown2.o
         8          4          0          0         96         68   libspace.o
        68          0          0          0          0         68   rt_memclr.o
        78          0          0          0          0         80   rt_memclr_w.o
       138          0          0          0          0         68   rt_memcpy_v6.o
       100          0          0          0          0         80   rt_memcpy_w.o
         2          0          0          0          0          0   rtexit.o
        10          0          0          0          0          0   rtexit2.o
        12          4          0          0          0         68   sys_exit.o
        74          0          0          0          0         80   sys_stackheap_outer.o
         2          0          0          0          0         68   use_no_semi.o
        26          0          0          0          0        116   fpinit.o

    ----------------------------------------------------------------------
       754         16          0          0         96       1064   Library Totals
        10          0          0          0          0          0   (incl. Padding)

    ----------------------------------------------------------------------

      Code (inc. data)   RO Data    RW Data    ZI Data      Debug   Library Name

       718         16          0          0         96        948   c_w.l
        26          0          0          0          0        116   fz_wm.l

    ----------------------------------------------------------------------
       754         16          0          0         96       1064   Library Totals

    ----------------------------------------------------------------------

==============================================================================


      Code (inc. data)   RO Data    RW Data    ZI Data      Debug   

     14040         92        708          8       5016      70984   Grand Totals
     14040         92        708          8       5016      70984   ELF Image Totals
     14040         92        708          8          0          0   ROM Totals

==============================================================================

    Total RO  Size (Code + RO Data)                14748 (  14.40kB)
    Total RW  Size (RW Data + ZI Data)              5024 (   4.91kB)
    Total ROM Size (Code + RO Data + RW Data)      14756 (  14.41kB)

==============================================================================

